Turbo Assembler	 Version 4.1	    06/03/26 12:06:18	    Page 1
3c509.ASM



      1		  =0007			 version equ	 7
*Warning* 3c509.ASM(1) Reserved	word used as symbol: VERSION
      2					 ;History:1,1
      3					 ;Fri Mar 08 14:48:42 2002 Merge in Peter Tattum's 3c509b changes.
      4					 ;Mon Jan 22 15:09:36 1996 we were rejecting frames with dribble set and accepting other    +
      5					 errored frames.
      6
      7						 .8086
      8
      9					 ;  Copyright, 1988-1992, Russell Nelson, Crynwr Software
     10
     11					 ;   This program is free software; you	can redistribute it and/or modify
     12					 ;   it	under the terms	of the GNU General Public License as published by
     13					 ;   the Free Software Foundation, version 1.
     14					 ;
     15					 ;   This program is distributed in the	hope that it will be useful,
     16					 ;   but WITHOUT ANY WARRANTY; without even the	implied	warranty of
     17					 ;   MERCHANTABILITY or	FITNESS	FOR A PARTICULAR PURPOSE.  See the
     18					 ;   GNU General Public	License	for more details.
     19					 ;
     20					 ;   You should	have received a	copy of	the GNU	General	Public License
     21					 ;   along with	this program; if not, write to the Free	Software
     22					 ;   Foundation, Inc., 59 Temple Place - Suite 330, Boston, MA 02111-1307, USA
     23
     24						 include defs.asm
1    25		  =000B			 majver		 equ	 11		 ;version number of the	infrastructure.
1    26
1    27		  =0010			 MAX_ADDR_LEN	 equ	 16		 ;maximum number of bytes in our address.
1    28
1    29		  =000A			 MAX_HANDLE	 equ	 10		 ;maximum number of handles.
1    30
1    31		  =0008			 MAX_P_LEN	 equ	 8		 ;maximum type length
1    32
1    33		  =0008			 MAX_MULTICAST	 equ	 8		 ;maximum number of multicast addresses.
1    34
1    35					 ;  Copyright, 1988-1992, Russell Nelson, Crynwr Software
1    36
1    37					 ;   This program is free software; you	can redistribute it and/or modify
1    38					 ;   it	under the terms	of the GNU General Public License as published by
1    39					 ;   the Free Software Foundation, version 1.
1    40					 ;
1    41					 ;   This program is distributed in the	hope that it will be useful,
1    42					 ;   but WITHOUT ANY WARRANTY; without even the	implied	warranty of
1    43					 ;   MERCHANTABILITY or	FITNESS	FOR A PARTICULAR PURPOSE.  See the
1    44					 ;   GNU General Public	License	for more details.
1    45					 ;
1    46					 ;   You should	have received a	copy of	the GNU	General	Public License
1    47					 ;   along with	this program; if not, write to the Free	Software
1    48					 ;   Foundation, Inc., 59 Temple Place - Suite 330, Boston, MA 02111-1307, USA
1    49
1    50		  =0009			 HT	 equ	 09h
1    51		  =000D			 CR	 equ	 0dh
1    52		  =000A			 LF	 equ	 0ah
1    53
1    54					 ;
1    55					 ;  Packet Driver Error	numbers
1    56		  =0000			 NO_ERROR	 equ	 0		 ;no error at all.
Turbo Assembler	 Version 4.1	    06/03/26 12:06:18	    Page 2
3c509.ASM



1    57		  =0001			 ERR_BAD_HANDLE	 equ	 1		 ;invalid handle number
1    58		  =0002			 NO_CLASS	 equ	 2		 ;no interfaces	of specified class found
1    59		  =0003			 NO_TYPE	 equ	 3		 ;no interfaces	of specified type found
1    60		  =0004			 NO_NUMBER	 equ	 4		 ;no interfaces	of specified number found
1    61		  =0005			 ERR_BAD_TYPE	 equ	 5		 ;bad packet type specified
1    62		  =0006			 NO_MULTICAST	 equ	 6		 ;this interface does not support
1    63										 ;multicast
1    64		  =0007			 CANT_TERMINATE	 equ	 7		 ;this packet driver cannot terminate
1    65		  =0008			 BAD_MODE	 equ	 8		 ;an invalid receiver mode was specified
1    66		  =0009			 NO_SPACE	 equ	 9		 ;operation failed because of
1    67										 ;insufficient space
1    68		  =000A			 TYPE_INUSE	 equ	 10		 ;the type had previously been accessed,
1    69										 ;and not released.
1    70		  =000B			 BAD_COMMAND	 equ	 11		 ;the command was out of range,	or not
1    71										 ;implemented
1    72		  =000C			 CANT_SEND	 equ	 12		 ;the packet couldn't be sent (usually
1    73										 ;hardware error)
1    74		  =000D			 CANT_SET	 equ	 13		 ;hardware address couldn't be changed
1    75										 ;(more	than 1 handle open)
1    76		  =000E			 BAD_ADDRESS	 equ	 14		 ;hardware address has bad length or
1    77										 ;format
1    78		  =000F			 CANT_RESET	 equ	 15		 ;Couldn't reset interface (more than
1    79										 ;1 handle open).
1    80		  =0010			 BAD_IOCB	 equ	 16		 ;an invalid iocb was specified
1    81
1    82					 ;a few	useful Ethernet	definitions.
1    83		  =003C			 RUNT		 equ	 60		 ;smallest legal size packet, no fcs
1    84		  =05EA			 GIANT		 equ	 1514		 ;largest legal	size packet, no	fcs
1    85		  =0006			 EADDR_LEN	 equ	 6		 ;Ethernet address length.
1    86		  =0001			 ARCADDR_LEN	 equ	 1
1    87
1    88		  =0001			 BLUEBOOK	 equ	 1
1    89		  =000B			 IEEE8023	 equ	 11
1    90
1    91					 ;The following	two macros are used to manipulate port addresses.
1    92					 ;Use loadport to initialize dx.  Use setport to set a specific	port on
1    93					 ;the board.  setport remembers	what the current port number is, but beware!
1    94					 ;setport assumes that code is being executed in the same order	as the
1    95					 ;code is presented in the source file.	 Whenever this assumption is violated,
1    96					 ;you need to enter another loadport.  Some, but not all examples are:
1    97					 ;in a loop with multiple setports, or a backward jump over a setport, or
1    98					 ;a forward jump over a	setport.  If you have any doubt, consult the
1    99					 ;individual driver sources for	examples of usage.  If you suspect that
1   100					 ;you have too few loadports, define the symbol	"no_confidence"	to a
1   101					 ;one.	This will force	a loadport before every	setport.  If you wish to turn
1   102					 ;it off for some of your code,	redefine it to a zero.
1   103
1   104					 loadport	 macro
1   105						 mov	 dx,io_addr
1   106					 port_no =	 0
1   107						 endm
1   108
1   109					 ;change the port number from the current value	to the new value.
1   110					 setport macro	 new_port_no
1   111						 ifdef	 no_confidence		 ;define if you	suspect	that you don't
1   112						   if	 no_confidence
1   113							 loadport		 ;  have enough	loadports, i.e.	dx is
Turbo Assembler	 Version 4.1	    06/03/26 12:06:18	    Page 3
3c509.ASM



1   114						   endif
1   115						 endif				 ;  set	to the wrong port.
1   116						 if	 new_port_no - port_no EQ 1
1   117							 inc	 dx
1   118						 else
1   119							 if	 new_port_no - port_no EQ -1
1   120								 dec	 dx
1   121							 else
1   122								 if	 new_port_no - port_no NE 0
1   123									 add	 dx,new_port_no	- port_no
1   124								 endif
1   125							 endif
1   126						 endif
1   127					 port_no =	 new_port_no
1   128						 endm
1   129
1   130					 ;this macro does a "rep movsb"	with a static count.
1   131					 repmov	 macro	 count
1   132						 rept	 (count) / 2
1   133						 movsw
1   134						 endm
1   135						 rept	 (count) MOD 2
1   136						 movsb
1   137						 endm
1   138						 endm
1   139
1   140					 ;moves	a segment register into	another	segment	register.
1   141					 movseg	 macro	 to, from
1   142						 push	 from
1   143						 pop	 to
1   144						 endm
1   145
1   146					 ;add a	word to	a dword.
1   147					 add2	 macro	 n,a			 ; inc a 32 bit	integer
1   148						 add	 n.offs,a		 ;increment the	low word
1   149						 adc	 n.segm,0		 ;increment the	high word
1   150						 endm
1   151
1   152					 ;this macro writes the	given character	to the given row and column on
1   153					 ;  an CGA.
1   154					 to_scrn macro	 r, c, ch
1   155						 local	 again
1   156						 push	 bx
1   157						 push	 es
1   158						 mov	 bx,0b800h
1   159						 mov	 es,bx
1   160						 mov	 bx,es:[r*160+c*2]
1   161					 again:
1   162						 inc	 bh
1   163						 and	 bh,07h
1   164						 je	 again			 ;; don't use black.
1   165						 mov	 bl,ch
1   166						 mov	 es:[r*160+c*2],bx
1   167						 pop	 es
1   168						 pop	 bx
1   169						 endm
1   170
Turbo Assembler	 Version 4.1	    06/03/26 12:06:18	    Page 4
3c509.ASM



1   171
1   172
1   173	00000000			 segmoffs	 struc			 ; defines offs	as 0, segm as 2
1   174	00000000  01*(????)		 offs		 dw	 ?
1   175	00000002  01*(????)		 segm		 dw	 ?
1   176	00000004			 segmoffs	 ends
1   177
1   178					 ; CY	 equ	 0001h
1   179					 ; EI	 equ	 0200h
1   180
1   181	00000000			 iocb		 struc			 ; as_send_pkt structure
1   182	00000000  01*(????????)		 buffer		 dd	 ?		 ; Pointer to the buffer
1   183	00000004  01*(????)		 len		 dw	 ?		 ; Its length
1   184	00000006  01*(??)		 flags		 db	 ?		 ; Some	flags
1   185	00000007  01*(??)		 ret_code	 db	 ?		 ; Completion code
1   186	00000008  01*(????????)		 upcall		 dd	 ?		 ; I/O completion upcall
1   187	0000000C  01*(????????)		 next		 dd	 ?		 ; Private next	pointer	(queue)
1   188	00000010  01*(04*(??))		 resv		 db	 4 dup (?)	 ; Unused private data
1   189	00000014			 iocb		 ends
1   190
1   191		  =0001			 DONE	 equ	 1		 ; I/O complete	flag
1   192		  =0002			 CALLME	 equ	 2		 ; Please upcall me flag
1   193
1   194
1   195					 send_queueempty macro
1   196					 ; Check if send queue is empty.
1   197					 ; Enter with interrupts disabled.
1   198					 ; Exit	with zr	(zero) if empty, nz (not zero) if not.
1   199					 ; Destroys ax.
1   200						 mov ax, word ptr send_head	 ; Queue empty?
1   201						 or ax,	 word ptr send_head+2
1   202						 endm
1   203
1   204					 send_peekqueue	 macro
1   205					 ; Peek	into the queue and get the next	entry.
1   206					 ; Enter with interrupts disabled.
1   207					 ; Exit	with es:di -> iocb.
1   208						 les di, send_head	 ; Get head segment:offset
1   209						 endm
1   210
1   211					 print_it	 macro
1   212						 mov		 ah, 9
1   213						 int		 21h
1   214						 endm
1   215
1   216					 print	 macro	 message_param
1   217						 mov		 dx, offset message_param
1   218						 print_it
1   219						 endm
1   220
1   221					 ; Bits	in sys_features
1   222		  =0002			 SYS_MCA equ	 02		 ; a micro channel computer
1   223		  =0040			 TWO_8259	 equ	 40h		 ; 2nd 8259 exists
1   224
1   225					 ; Bits	in flagbyte
1   226		  =0001			 CALLED_ETOPEN	 equ	 1		 ; have	called etopen
1   227		  =0002			 D_OPTION	 equ	 2		 ; delayed initialization
Turbo Assembler	 Version 4.1	    06/03/26 12:06:18	    Page 5
3c509.ASM



1   228		  =0004			 N_OPTION	 equ	 4		 ; Novell protocol conversion
1   229		  =0008			 W_OPTION	 equ	 8		 ; Windows upcall checking.
1   230		  =0010			 U_OPTION	 equ	 10h		 ; Terminate the driver.
1   231		  =0020			 M_OPTION	 equ	 20h		 ; Micronetics M
1   232
1   233
    234
    235	    0000			 code	 segment word public
    236						 assume	 cs:code, ds:code
    237
    238					 ;----------------------------------------------------------------------------;
    239					 ;									      ;
    240					 ;	 This source file is the property of 3Com Corporation and may not be  ;
    241					 ;	 copied	or distributed in any isomorphic form without an appropriate  ;
    242					 ;	 prior licensing arrangement with 3Com Corporation.		      ;
    243					 ;									      ;
    244					 ;	 Copyright (c) 1988 3Com Corporation				      ;
    245					 ;									      ;
    246					 ;------ Equates -------------------------------------------------------------;
    247					 ;
    248					 ; Command code	masks
    249					 ;
    250		  =F800			 CMD_CMDMASK	     equ 0F800h			 ; command bits
    251		  =07FF			 CMD_ARGMASK	     equ 007FFh			 ; argument bits
    252					 ;
    253					 ; Command codes, word form
    254					 ;
    255		  =0000			 CMD_GLOBALRESET     equ 00000b	shl 11		 ; global reset
    256		  =0800			 CMD_SELECTWINDOW    equ 00001B	shl 11		 ; select register window
    257		  =1000			 CMD_STARTINTXCVR    equ 00010b	shl 11		 ; start internal transciver
    258		  =1800			 CMD_RXDISABLE	     equ 00011b	shl 11		 ; rx disable
    259		  =2000			 CMD_RXENABLE	     equ 00100b	shl 11		 ; rx enable
    260		  =2800			 CMD_RXRESET	     equ 00101b	shl 11		 ; rx reset
    261		  =4000			 CMD_RXDISCARD	     equ 01000b	shl 11		 ; rx discard top packet
    262		  =4800			 CMD_TXENABLE	     equ 01001b	shl 11		 ; tx enable
    263		  =5000			 CMD_TXDISABLE	     equ 01010b	shl 11		 ; tx disable
    264		  =5800			 CMD_TXRESET	     equ 01011b	shl 11		 ; tx reset
    265		  =6000			 CMD_REQUESTINT	     equ 01100b	shl 11		 ; request interrupt
    266		  =6800			 CMD_ACKNOWLEDGE     equ 01101b	shl 11		 ; acknowledge interrupt
    267		  =7000			 CMD_SETINTMASK	     equ 01110b	shl 11		 ; set interrupt mask
    268		  =7800			 CMD_SETRZMASK	     equ 01111b	shl 11		 ; set read zero mask
    269		  =8000			 CMD_SETRXFILTER     equ 10000b	shl 11		 ; set rx filter
    270		  =8800			 CMD_SETRXEARLY	     equ 10001b	shl 11		 ; set rx early	threshold
    271		  =9000			 CMD_SETTXAVAILABLE  equ 10010b	shl 11		 ; set tx available threshold
    272		  =9800			 CMD_SETTXSTART	     equ 10011b	shl 11		 ; set tx start	threshold
    273		  =A800			 CMD_STATSENABLE     equ 10101b	shl 11		 ; statistics enable
    274		  =B000			 CMD_STATSDISABLE    equ 10110b	shl 11		 ; statistics disable
    275		  =B800			 CMD_STOPINTXCVR     equ 10111b	shl 11		 ; start internal transciver
    276					 ;
    277					 ; Command codes, hibyte form (commands	without	operands only)
    278					 ;
    279		  =0010			 CMDH_STARTINTXCVR   equ CMD_STARTINTXCVR shr 8
    280		  =0018			 CMDH_RXDISABLE	     equ CMD_RXDISABLE shr 8
    281		  =0020			 CMDH_RXENABLE	     equ CMD_RXENABLE shr 8
    282		  =0040			 CMDH_RXDISCARD	     equ CMD_RXDISCARD shr 8
    283		  =0048			 CMDH_TXENABLE	     equ CMD_TXENABLE shr 8
    284		  =0050			 CMDH_TXDISABLE	     equ CMD_TXDISABLE shr 8
Turbo Assembler	 Version 4.1	    06/03/26 12:06:18	    Page 6
3c509.ASM



    285		  =0060			 CMDH_REQUESTINT     equ CMD_REQUESTINT	shr 8
    286		  =00A8			 CMDH_STATSENABLE    equ CMD_STATSENABLE shr 8
    287		  =00B0			 CMDH_STATSDISABLE   equ CMD_STATSDISABLE shr 8
    288		  =00B8			 CMDH_STOPINTXCVR    equ CMD_STOPINTXCVR shr 8
    289					 ;
    290					 ; Status register bits	(INT for interrupt sources, ST for the rest)
    291					 ;
    292		  =0001			 INT_LATCH	     equ 00001h			 ; interrupt latch
    293		  =0002			 INT_ADAPTERFAIL     equ 00002h			 ; adapter failure
    294		  =0004			 INT_TXCOMPLETE	     equ 00004h			 ; tx complete
    295		  =0008			 INT_TXAVAILABLE     equ 00008h			 ; tx available
    296		  =0010			 INT_RXCOMPLETE	     equ 00010h			 ; rx complete
    297		  =0020			 INT_RXEARLY	     equ 00020h			 ; rx early
    298		  =0040			 INT_REQUESTED	     equ 00040h			 ; interrupt requested
    299		  =0080			 INT_UPDATESTATS     equ 00080h			 ; update statistics
    300		  =0800			 ST_FAILED	     equ 00800h			 ; command failed
    301		  =1000			 ST_BUSY	     equ 01000h			 ; command busy
    302		  =E000			 ST_WINDOW	     equ 0E000h			 ; window bits (13-15)
    303
    304		  =0008			 STH_FAILED	     equ ST_FAILED shr 8
    305		  =0010			 STH_BUSY	     equ ST_BUSY shr 8
    306		  =00E0			 STH_WINDOW	     equ ST_WINDOW shr 8
    307
    308					 ;
    309					 ; RxStatus register bits
    310					 ;
    311		  =8000			 RXS_INCOMPLETE	     equ 8000h			 ; not completely received
    312		  =4000			 RXS_ERROR	     equ 4000h			 ; error in packet
    313		  =07FF			 RXS_LENGTH	     equ 07FFh			 ; bytes in RxFIFO
    314		  =3800			 RXS_ERRTYPE	     equ 3800h			 ; Rx error type, bit 13-11
    315		  =0000			 RXS_OVERRUN	     equ 0000h			 ; overrun error
    316		  =0800			 RXS_OVERSIZE	     equ 0800h			 ; oversize packet error
    317		  =1000			 RXS_DRIBBLE	     equ 1000h			 ; dribble bit (not an error)
    318		  =1800			 RXS_RUNT	     equ 1800h			 ; runt	packet error
    319		  =2800			 RXS_CRC	     equ 2800h			 ; CRC error
    320		  =2000			 RXS_FRAMING	     equ 2000h			 ; framing error
    321
    322		  =0080			 RXSH_INCOMPLETE     equ RXS_INCOMPLETE	shr 8
    323		  =0040			 RXSH_ERROR	     equ RXS_ERROR shr 8
    324		  =0038			 RXSH_ERRTYPE	     equ RXS_ERRTYPE shr 8
    325		  =0000			 RXSH_OVERRUN	     equ RXS_OVERRUN shr 8
    326		  =0010			 RXSH_DRIBBLE	     equ RXS_DRIBBLE shr 8
    327		  =0028			 RXSH_CRC	     equ RXS_CRC shr 8
    328		  =0018			 RXSH_RUNT	     equ RXS_RUNT shr 8
    329		  =0008			 RXSH_OVERSIZE	     equ RXS_OVERSIZE shr 8
    330		  =0020			 RXSH_FRAMING	     equ RXS_FRAMING shr 8
    331					 ;
    332					 ; TxStatus register bits
    333					 ;
    334		  =0080			 TXS_COMPLETE	     equ 80h			 ; tx completed
    335		  =0040			 TXS_INTREQUESTED    equ 40h			 ; interrupt on	successfull tx
    336		  =0038			 TXS_ERRTYPE	     equ 38h			 ; error bits
    337		  =0020			 TXS_JABBERERROR     equ 20h			 ; jabber error
    338		  =0010			 TXS_UNDERRUN	     equ 10h			 ; tx underrun error
    339		  =0008			 TXS_MAXCOLLISIONS   equ 08h			 ; max collisions error
    340		  =0004			 TXS_STATUSOVERFLOW  equ 04h			 ; TX status stack is full
    341					 ;
Turbo Assembler	 Version 4.1	    06/03/26 12:06:18	    Page 7
3c509.ASM



    342					 ; Window Numbers
    343					 ;
    344		  =0000			 WNO_SETUP	     equ 0			 ; setup/configuration
    345		  =0001			 WNO_OPERATING	     equ 1			 ; operating set
    346		  =0002			 WNO_STATIONADDRESS  equ 2			 ; station address setup/read
    347		  =0003			 WNO_FIFO	     equ 3			 ; FIFO	management
    348		  =0004			 WNO_DIAGNOSTICS     equ 4			 ; diagnostics
    349		  =0005			 WNO_READABLE	     equ 5			 ; registers set by commands
    350		  =0006			 WNO_STATISTICS	     equ 6			 ; statistics
    351					 ;
    352					 ; Port	offsets, Window	1 (WNO_OPERATING)
    353					 ;
    354		  =000E			 PORT_CmdStatus	     equ 0Eh			 ; command/status
    355		  =000C			 PORT_TxFree	     equ 0Ch			 ; free	transmit bytes
    356		  =000B			 PORT_TxStatus	     equ 0Bh			 ; transmit status (byte)
    357		  =000A			 PORT_Timer	     equ 0Ah			 ; latency timer (byte)
    358		  =0008			 PORT_RxStatus	     equ 08h			 ; receive status
    359		  =0000			 PORT_RxFIFO	     equ 00h			 ; RxFIFO read
    360		  =0000			 PORT_TxFIFO	     equ 00h			 ; TxFIFO write
    361					 ;
    362					 ; Port	offsets, Window	0 (WNO_SETUP)
    363					 ;
    364		  =000C			 PORT_EEData	     equ 0Ch			 ; EEProm data register
    365		  =000A			 PORT_EECmd	     equ 0Ah			 ; EEProm command register
    366		  =0008			 PORT_CfgResource    equ 08h			 ; resource configuration
    367		  =0006			 PORT_CfgAddress     equ 06h			 ; address configuration
    368		  =0004			 PORT_CfgControl     equ 04h			 ; configuration control
    369		  =0002			 PORT_ProductID	     equ 02h			 ; product id (EISA)
    370		  =0000			 PORT_Manufacturer   equ 00h			 ; Manufacturer	code (EISA)
    371					 ;
    372					 ; Port	offsets, Window	2 (WNO_STATIONADDRESS)
    373					 ;
    374		  =0000			 PORT_SA0_1	     equ 00h			 ; station address bytes 0,1
    375		  =0002			 PORT_SA2_3	     equ 02h			 ; station address bytes 2,3
    376		  =0004			 PORT_SA4_5	     equ 04h			 ; station address bytes 4,5
    377					 ;
    378					 ; Port	offsets, Window	3 (WNO_FIFO)
    379					 ;
    380		  =000C			 PORT_ALT_TxFree     equ 0Ch			 ; free	transmit bytes (dup)
    381		  =000A			 PORT_RxFree	     equ 0Ah			 ; free	receive	bytes
    382					 ;
    383					 ; Port	offsets, Window	4 (WNO_DIAGNOSTICS)
    384					 ;
    385		  =000A			 PORT_MediaStatus    equ 0Ah			 ; media type/status
    386		  =0008			 PORT_SlingshotStatus equ 08h			 ; Slingshot status
    387		  =0006			 PORT_NetDiagnostic  equ 06h			 ; net diagnostic
    388		  =0004			 PORT_FIFODiagnostic equ 04h			 ; FIFO	diagnostic
    389		  =0002			 PORT_HostDiagnostic equ 02h			 ; host	diagnostic
    390		  =0000			 PORT_TxDiagnostic   equ 00h			 ; tx diagnostic
    391					 ;
    392					 ; Port	offsets, Window	5 (WNO_READABLE)
    393					 ;
    394		  =000C			 PORT_RZMask	     equ 0Ch			 ; read	zero mask
    395		  =000A			 PORT_IntMask	     equ 0Ah			 ; interrupt mask
    396		  =0008			 PORT_RxFilter	     equ 08h			 ; receive filter
    397		  =0006			 PORT_RxEarly	     equ 06h			 ; rx early threshold
    398		  =0002			 PORT_TxAvailable    equ 02h			 ; tx available	threshold
Turbo Assembler	 Version 4.1	    06/03/26 12:06:18	    Page 8
3c509.ASM



    399		  =0000			 PORT_TxStart	     equ 00h			 ; tx start threshold
    400					 ;
    401					 ; Port	offsets, Window	6 (WNO_STATISTICS)
    402					 ;
    403		  =000C			 PORT_TXBYTES	     equ 0Ch			 ; tx bytes ok
    404		  =000A			 PORT_RXBYTES	     equ 0Ah			 ; rx bytes ok
    405		  =0008			 PORT_TXDEFER	     equ 08h			 ; tx frames deferred (byte)
    406		  =0007			 PORT_RXFRAMES	     equ 07h			 ; rx frames ok	(byte)
    407		  =0006			 PORT_TXFRAMES	     equ 06h			 ; tx frames ok	(byte)
    408		  =0005			 PORT_RXDISCARDED    equ 05h			 ; rx frames discarded (byte)
    409		  =0004			 PORT_TXLATE	     equ 04h			 ; tx frames late coll.	(byte)
    410		  =0003			 PORT_TXSINGLE	     equ 03h			 ; tx frames one coll. (byte)
    411		  =0002			 PORT_TXMULTIPLE     equ 02h			 ; tx frames mult. coll. (byte)
    412		  =0001			 PORT_TXNOCD	     equ 01h			 ; tx frames no	CDheartbt (byte)
    413		  =0000			 PORT_TXCARRIERLOST  equ 00h			 ; tx frames carrier lost (byte)
    414					 ;
    415					 ; Various command arguments
    416					 ;
    417		  =0000			 INT_ALLDISABLED	 equ 00000000000b	     ; all interrupts disabled
    418		  =00FE			 INT_ALLENABLED		 equ 00011111110b	     ; all interrupts enabled
    419
    420		  =0001			 FILTER_INDIVIDUAL	 equ 0001b		     ; individual address
    421		  =0002			 FILTER_MULTICAST	 equ 0010b		     ; multicast/group addresses
    422		  =0004			 FILTER_BROADCAST	 equ 0100b		     ; broadcast address
    423		  =0008			 FILTER_PROMISCUOUS	 equ 1000b		     ; promiscuous mode
    424
    425		  =07F0			 RXEARLY_DISABLED	 equ 2032		     ; RxEarly to disable
    426
    427		  =07F8			 TXAVAIL_DISABLED	 equ 2040		     ; TxAvailable to disable
    428		  =0004			 TXAVAIL_MIN		 equ 4
    429
    430		  =07F8			 TXSTART_DISABLED	 equ 2040		     ; TxStart to disable
    431		  =0000			 TXSTART_MIN		 equ 0
    432					 TXSTART_MAX		 equ TXSTART_DISABLED
    433
    434		  =0700			 RXLENGTH_MAX		 equ 1792		     ; maximum rxlength
    435					 ;
    436					 ; Transmit Preamble
    437					 ;
    438		  =0004			 PREAMBLESIZE		 equ 4			     ; transmit	preamble size
    439		  =8000			 TXP_INTONSUCCESS	 equ 8000h		     ; interrupt on successful tx
    440					 ;
    441					 ; Bits	in various diagnostics registers
    442					 ;
    443		  =8000			 MEDIA_TP		 equ 8000h		     ; TP transciever
    444		  =4000			 MEDIA_BNC		 equ 4000h		     ; Thinnet transciever
    445		  =2000			 MEDIA_INTENDEC		 equ 2000h		     ; internal	encoder/decoder
    446		  =1000			 MEDIA_SQE		 equ 1000h		     ; SQE present
    447		  =0800			 MEDIA_LBEAT		 equ 0800h		     ; link beat ok (TP)
    448		  =0400			 MEDIA_POLARITY		 equ 0400h		     ; polarity	(TP)
    449		  =0200			 MEDIA_JABBER		 equ 0200h		     ; jabber (TP)
    450		  =0100			 MEDIA_UNSQUELCH	 equ 0100h		     ; unsquelch (TP)
    451		  =0080			 MEDIA_LBEATENABLE	 equ 0080h		     ; link beat enable	(TP)
    452		  =0040			 MEDIA_JABBERENABLE	 equ 0040h		     ; jabber enable (TP)
    453		  =0020			 MEDIA_CRS		 equ 0020h		     ; carrier sense
    454		  =0010			 MEDIA_COLLISION	 equ 0010h		     ; collision
    455		  =0008			 MEDIA_SQEENABLE	 equ 0008h		     ; enable SQE statistics
Turbo Assembler	 Version 4.1	    06/03/26 12:06:18	    Page 9
3c509.ASM



    456
    457		  =8000			 NETD_EXTLOOPBACK	 equ 8000h		     ; TP external loopback
    458		  =4000			 NETD_ENDECLOOPBACK	 equ 4000h		     ; ENDEC loopback
    459		  =2000			 NETD_CORELOOPBACK	 equ 2000h		     ; ethernet	core loopback
    460		  =1000			 NETD_FIFOLOOPBACK	 equ 1000h		     ; FIFO loopback
    461		  =0800			 NETD_TXENABLED		 equ 0800h		     ; tx enabled
    462		  =0400			 NETD_RXENABLED		 equ 0400h		     ; rx enabled
    463		  =0200			 NETD_TXTRANSMITTING	 equ 0200h		     ; tx transmitting
    464		  =0100			 NETD_TXRESETREQD	 equ 0100h		     ; tx reset	required
    465
    466		  =8000			 FIFOD_RXRECEIVING	 equ 8000h		     ; rx receiveing
    467		  =2000			 FIFOD_RXUNDERRUN	 equ 2000h		     ; rx underrun
    468		  =1000			 FIFOD_RXSTATUSOVER	 equ 1000h		     ; rx status overrun
    469		  =0800			 FIFOD_RXOVERRUN	 equ 0800h		     ; rx overrun
    470		  =0400			 FIFOD_TXOVERRUN	 equ 0400h		     ; tx overrun
    471		  =00FF			 FIFOD_BISTRESULTS	 equ 00FFh		     ; BIST results (mask)
    472
    473		  =2000			 SLING_TXUNDERRUN	 equ 2000h		     ; Slingshot TxUnderrun bit
    474					 ;
    475					 ; board identification	codes, byte swapped in Rev 0
    476					 ;
    477		  =6D50			 EISA_MANUFACTURER_ID	 equ 06D50h		     ; EISA manufacturer code
    478		  =9050			 ISA_PRODUCT_ID		 equ 09050h		     ; Product ID for ISA board
    479		  =F0FF			 PRODUCT_ID_MASK	 equ 0F0FFh		     ; Mask off	revision nibble
    480					 ;
    481					 ; EEProm access
    482					 ;
    483		  =8000			 EE_BUSY		     equ 8000h			 ; EEProm busy bit in EECmd
    484		  =0000			 EE_TCOM_NODE_ADDR_WORD0     equ 00h
    485		  =0001			 EE_TCOM_NODE_ADDR_WORD1     equ 01h
    486		  =0002			 EE_TCOM_NODE_ADDR_WORD2     equ 02h
    487		  =0003			 EE_VULCAN_PROD_ID	     equ 03h
    488		  =0004			 EE_MANUFACTURING_DATA	     equ 04h
    489		  =0005			 EE_SERIAL_NUMBER_WORD0	     equ 05h
    490		  =0006			 EE_SERIAL_NUMBER_WORD1	     equ 06h
    491		  =0007			 EE_MANUFACTURER_CODE	     equ 07h
    492		  =0008			 EE_ADDR_CONFIGURATION	     equ 08h
    493		  =0009			 EE_RESOURCE_CONFIGURATION   equ 09h
    494		  =000A			 EE_OEM_NODE_ADDR_WORD0	     equ 0Ah
    495		  =000B			 EE_OEM_NODE_ADDR_WORD1	     equ 0Bh
    496		  =000C			 EE_OEM_NODE_ADDR_WORD2	     equ 0Ch
    497		  =000D			 EE_SOFTWARE_CONFIG_INFO     equ 0Dh
    498		  =000E			 EE_CWORD		     equ 0Eh
    499					 ;
    500					 ; contention logic
    501					 ;
    502		  =0080			 READ_EEPROM		 equ 080h
    503		  =00C0			 ID_GLOBAL_RESET	 equ 0C0h
    504		  =00D0			 SET_TAG_REGISTER	 equ 0D0h
    505		  =00D8			 TEST_TAG_REGISTER	 equ 0D8h
    506		  =00E0			 ACTIVATE_AND_SET_IO	 equ 0E0h
    507		  =00FF			 ACTIVATE_VULCAN	 equ 0FFh
    508					 ;
    509					 ; Resource Configuration Register bits
    510					 ;
    511		  =F000			 RCONFIG_IRQ		 equ 0F000h
    512					 ;
Turbo Assembler	 Version 4.1	    06/03/26 12:06:18	    Page 10
3c509.ASM



    513					 ; Address Configuration Register bits
    514					 ;
    515		  =C000			 ACONFIG_XCVR		 equ 0C000h
    516		  =001F			 ACONFIG_IOBASE		 equ 0001Fh
    517
    518		  =001F			 IOBASE_EISA		 equ 0001Fh
    519
    520		  =0000			 TP_XCVR		 equ 00000h
    521		  =C000			 BNC_XCVR		 equ 0C000h
    522		  =4000			 AUI_XCVR		 equ 04000h
    523
    524		  =0200			 MIN_IO_BASE_ADDR	 equ 200h
    525		  =03F0			 MAX_IO_BASE_ADDR	 equ 3F0h
    526		  =0010			 REGISTER_SET_SIZE	 equ 10h
    527					 ;
    528					 ; Software Configuration Register bits
    529					 ;
    530		  =0030			 SW_OPTIMIZE		 equ 0030h
    531		  =3F00			 SW_MAXCLI		 equ 3F00h
    532		  =4000			 SW_LINKBEAT		 equ 4000h
    533					 ;
    534					 ; Possibilities for SW_OPTIMIZE
    535					 ;
    536		  =0010			 OPTIMIZE_DOS_CLIENT	 equ 0010h
    537		  =0020			 OPTIMIZE_WINDOWS_CLIENT equ 0020h
    538		  =0030			 OPTIMIZE_SERVER	 equ 0030h
    539					 ;
    540					 ; Configuration Control Register bits
    541					 ;
    542		  =0001			 ENABLE_ADAPTER		 equ 01h
    543
    544					 setwin	 macro	 win
    545						 setport PORT_CmdStatus
    546						 mov	 ax,CMD_SELECTWINDOW+win
    547						 out	 dx,ax
    548						 endm
    549
    550						 extrn	 is_eisa: byte		 ;=0 if	ISA, =1	if EISA
    551						 extrn	 is_186: byte		 ;=0 if	808[68], =1 if 80[1234]86.
    552						 extrn	 is_386: byte		 ;=0 if	80[12]8[68], =1	if 80[34]86.
    553
    554						 public	 int_no, io_addr
    555	    0000  00 00	00 00		 int_no	 db	 0,0,0,0		 ;must be four bytes long for get_number.
    556	    0004  0000 0000		 io_addr dw	 0,0			 ;must be four bytes long for get_number.
    557
    558						 public	 driver_class, driver_type, driver_name, driver_function, parameter_list
    559	    0008  01 0B	00		 driver_class	 db	 BLUEBOOK,IEEE8023,0	 ;null terminated list of classes.
    560	    000B  5E			 driver_type	 db	 94
    561	    000C  33 63	35 30 39 00	 driver_name	 db	 '3c509',0	 ;name of the driver.
    562	    0012  02			 driver_function db	 2
    563	    0013			 parameter_list	 label	 byte
    564	    0013  01				 db	 1	 ;major	rev of packet driver specification
    565	    0014  09				 db	 9	 ;minor	rev of packet driver specification
    566	    0015  0E				 db	 14	 ;length of parameter list
    567	    0016  06				 db	 EADDR_LEN	 ;length of MAC-layer address
    568	    0017  05EA				 dw	 GIANT	 ;MTU, including MAC headers
    569	    0019  0030				 dw	 MAX_MULTICAST * EADDR_LEN	 ;buffer size of multicast addrs
Turbo Assembler	 Version 4.1	    06/03/26 12:06:18	    Page 11
3c509.ASM



    570	    001B  0000				 dw	 0	 ;(# of	back-to-back MTU rcvs) - 1
    571	    001D  0000				 dw	 0	 ;(# of	successive xmits) - 1
    572	    001F  0000			 int_num dw	 0	 ;Interrupt # to hook for post-EOI
    573								 ;processing, 0	== none,
    574
    575						 public	 rcv_modes
    576	    0021  0007			 rcv_modes	 dw	 7		 ;number of receive modes in our table.
    577	    0023  0000					 dw	 0		 ;There	is no mode zero
    578	    0025  0146r					 dw	 rcv_mode_1
    579	    0027  0149r					 dw	 rcv_mode_2
    580	    0029  014Cr					 dw	 rcv_mode_3
    581	    002B  0000					 dw	 0		 ;haven't set up perfect filtering yet.
    582	    002D  014Fr					 dw	 rcv_mode_5
    583	    002F  0152r					 dw	 rcv_mode_6
    584
    585						 include timeout.asm
1   586					 ;put into the public domain by	Russell	Nelson,	nelson@crynwr.com
1   587
1   588					 ;we read the timer chip's counter zero.  It runs freely, counting down
1   589					 ;from 65535 to	zero.  We sample the count coming in and subract the previous
1   590					 ;count.  Then we double it and	add it to our timeout_counter.	When it	overflows,
1   591					 ;then we've waited a tick of 27.5 ms.
1   592
1   593	    0031  ????			 timeout	 dw	 ?		 ;number of ticks to wait.
1   594	    0033  ????			 timeout_counter dw	 ?		 ;old counter zero value.
1   595	    0035  ????			 timeout_value	 dw	 ?
1   596
1   597						 public	 set_timeout, do_timeout
1   598	    0037			 set_timeout:
1   599					 ;enter	with ax	= number of ticks (36.4	ticks per second).
1   600	    0037  40				 inc	 ax			 ;the first times out immediately.
1   601	    0038  2E: A3 0031r			 mov	 cs:timeout,ax
1   602	    003C  2E: C7 06 0033r 0000		 mov	 cs:timeout_counter,0
1   603	    0043  E8 0005			 call	 latch_timer
1   604	    0046  2E: A3 0035r			 mov	 cs:timeout_value,ax
1   605	    004A  C3				 ret
1   606
1   607	    004B			 latch_timer:
1   608	    004B  B0 00				 mov	 al,0			 ;latch	counter	zero.
1   609	    004D  E6 43				 out	 43h,al
1   610	    004F  E4 40				 in	 al,40h			 ;read counter zero.
1   611	    0051  8A E0				 mov	 ah,al
1   612	    0053  E4 40				 in	 al,40h
1   613	    0055  86 E0				 xchg	 ah,al
1   614	    0057  C3				 ret
1   615
1   616
1   617	    0058			 do_timeout:
1   618					 ;call at *least* every	27.5ms when checking for timeout.  Returns nz
1   619					 ;if we	haven't	timed out yet.
1   620	    0058  E8 FFF0			 call	 latch_timer
1   621	    005B  2E: 87 06 0035r		 xchg	 ax,cs:timeout_value
1   622	    0060  2E: 2B 06 0035r		 sub	 ax,cs:timeout_value
1   623	    0065  D1 E0				 shl	 ax,1			 ;keep timeout in increments of	27.5 ms.
1   624	    0067  2E: 01 06 0033r		 add	 cs:timeout_counter,ax	 ;has the counter overflowed yet?
1   625	    006C  73 06				 jnc	 do_timeout_1		 ;no.
1   626	    006E  2E: FF 0E 0031r		 dec	 cs:timeout		 ;Did we hit the timeout value yet?
Turbo Assembler	 Version 4.1	    06/03/26 12:06:18	    Page 12
3c509.ASM



1   627	    0073  C3				 ret
1   628	    0074			 do_timeout_1:
1   629	    0074  0B E4				 or	 sp,sp			 ;ensure nz.
1   630	    0076  C3				 ret
1   631
    632
    633						 public	bad_command_intercept
    634	    0077			 bad_command_intercept:
    635					 ;called with ah=command, unknown to the skeleton.
    636					 ;exit with nc if okay,	cy, dh=error if	not.
    637	    0077  B6 0B				 mov	 dh,BAD_COMMAND
    638	    0079  F9				 stc
    639	    007A  C3				 ret
    640
    641						 public	 as_send_pkt
    642					 ; The Asynchronous Transmit Packet routine.
    643					 ; Enter with es:di -> i/o control block, ds:si	-> packet, cx =	packet length,
    644					 ;   interrupts	possibly enabled.
    645					 ; Exit	with nc	if ok, or else cy if error, dh set to error number.
    646					 ;   es:di and interrupt enable	flag preserved on exit.
    647	    007B			 as_send_pkt:
    648	    007B  C3				 ret
    649
    650						 public	 drop_pkt
    651					 ; Drop	a packet from the queue.
    652					 ; Enter with es:di -> iocb.
    653	    007C			 drop_pkt:
    654						 assume	 ds:nothing
    655	    007C  C3				 ret
    656
    657						 public	 xmit
    658					 ; Process a transmit interrupt	with the least possible	latency	to achieve
    659					 ;   back-to-back packet transmissions.
    660					 ; May only use	ax and dx.
    661	    007D			 xmit:
    662						 assume	 ds:nothing
    663	    007D  C3				 ret
    664
    665	    007E			 tx_reset:
    666	    007E  50				 push	 ax
    667	    007F  52				 push	 dx
    668						 loadport
1   669	    0080  2E: 8B 16 0004r		 mov	 dx,io_addr
    670						 setport PORT_CmdStatus
1   671	    0085  83 C2	0E						 add	 dx,PORT_CmdStatus - port_no
    672	    0088  9C				 pushf
    673	    0089  FA				 cli
    674	    008A  B8 5800			 mov	 ax,CMD_TXRESET
    675	    008D  EF				 out	 dx,ax
    676	    008E			 tx_reset_1:
    677	    008E  ED				 in	 ax,dx			 ;wait for the command to finish.
    678	    008F  A9 1000			 test	 ax,ST_BUSY
    679	    0092  75 FA				 jne	 tx_reset_1
    680	    0094  9D				 popf
    681
    682	    0095  B8 4800			 mov	 ax,CMD_TXENABLE	 ;yes, re-enable the transmitter.
    683	    0098  EF				 out	 dx,ax
Turbo Assembler	 Version 4.1	    06/03/26 12:06:18	    Page 13
3c509.ASM



    684	    0099  5A				 pop	 dx
    685	    009A  58				 pop	 ax
    686	    009B  C3				 ret
    687
    688						 public	 send_pkt
    689	    009C			 send_pkt:
    690					 ;enter	with es:di->upcall routine, (0:0) if no	upcall is desired.
    691					 ;  (only if the high-performance bit is set in	driver_function)
    692					 ;enter	with ds:si -> packet, cx = packet length.
    693					 ;if we're a high-performance driver, es:di -> upcall.
    694					 ;exit with nc if ok, or else cy if error, dh set to error number.
    695						 assume	 ds:nothing
    696	    009C  81 F9	05EA			 cmp	 cx,GIANT		 ; Is this packet too large?
    697	    00A0  77 40				 ja	 send_pkt_toobig
    698
    699						 loadport
1   700	    00A2  2E: 8B 16 0004r		 mov	 dx,io_addr
    701						 setport PORT_TxStatus		 ;get the previous transmit status.
1   702	    00A7  83 C2	0B						 add	 dx,PORT_TxStatus - port_no
    703	    00AA  EC				 in	 al,dx
    704						 setport PORT_CmdStatus
1   705	    00AB  83 C2	03						 add	 dx,PORT_CmdStatus - port_no
    706	    00AE  A8 30				 test	 al,TXS_UNDERRUN or TXS_JABBERERROR	 ;do we	need to	reset transmitter?
    707	    00B0  74 03				 je	 send_pkt_0
    708	    00B2  E8 FFC9			 call	 tx_reset
    709	    00B5			 send_pkt_0:
    710					 ;	  test	  al,TXS_COMPLETE
    711					 ;	  je send_pkt_0_1
    712					 ;	  out	  dx,al
    713					 ;send_pkt_0_1:
    714
    715	    00B5  A8 38				 test	 al,TXS_ERRTYPE		 ;any errors?
    716	    00B7  74 07				 je	 send_pkt_3		 ;no.
    717	    00B9  E8 0000e			 call	 count_out_err		 ;yes, count it.
    718	    00BC  B8 4800			 mov	 ax,CMD_TXENABLE	 ;yes, re-enable the transmitter.
    719	    00BF  EF				 out	 dx,ax
    720	    00C0			 send_pkt_3:
    721
    722	    00C0  8B D9				 mov	 bx,cx			 ;adjust for the size of the preamble,
    723	    00C2  83 C3	07			 add	 bx,4 +	3		 ;and round BX up to dword boundary.
    724	    00C5  83 E3	FC			 and	 bx,not	3
    725
    726						 setport PORT_TxFree		 ;wait for enough bytes	in transmit buffer.
1   727	    00C8  83 C2	FE						 add	 dx,PORT_TxFree	- port_no
    728	    00CB  B8 0012			 mov	 ax,18
    729	    00CE  E8 FF66			 call	 set_timeout
    730	    00D1			 send_pkt_1:
    731	    00D1  ED				 in	 ax,dx
    732	    00D2  3B C3				 cmp	 ax,bx
    733	    00D4  73 10				 jae	 send_pkt_2
    734	    00D6  E8 FF7F			 call	 do_timeout
    735	    00D9  75 F6				 jne	 send_pkt_1
    736	    00DB  E8 FFA0			 call	 tx_reset
    737	    00DE  B6 0C				 mov	 dh,CANT_SEND		 ;timed	out, can't send.
    738	    00E0  F9				 stc
    739	    00E1  C3				 ret
    740	    00E2			 send_pkt_toobig:
Turbo Assembler	 Version 4.1	    06/03/26 12:06:18	    Page 14
3c509.ASM



    741	    00E2  B6 09				 mov	 dh,NO_SPACE
    742	    00E4  F9				 stc
    743	    00E5  C3				 ret
    744	    00E6			 send_pkt_2:
    745	    00E6  83 EB	04			 sub	 bx,4			 ;reduce by the	size of	the preamble.
    746
    747						 setport PORT_TxFIFO
1   748	    00E9  83 C2	F4						 add	 dx,PORT_TxFIFO	- port_no
    749	    00EC  8B C1				 mov	 ax,cx			 ;output the count
    750	    00EE  EF				 out	 dx,ax			 ;   (no interrupt requested)
    751	    00EF  EF				 out	 dx,ax			 ;output the second reserved word.
    752	    00F0  8B CB				 mov	 cx,bx			 ;output the rest of the packet.
    753
    754	    00F2  2E: 80 3E 0000e 00		 cmp	 is_386,0		 ;can we output	dwords?
    755	    00F8  75 14				 jne	 send_pkt_7		 ;yes.
    756	    00FA  D1 E9				 shr	 cx,1			 ;output 16 bits at a time.
    757	    00FC  2E: 80 3E 0000e 00		 cmp	 is_186,0		 ;can we use rep outsw?
    758	    0102  74 04				 je	 send_8086		 ;no.
    759						 .186
    760	    0104  F3> 6F			 rep	 outsw
    761						 .8086
    762	    0106  EB 0C				 jmp	 short send_pkt_6
    763					 ;start	8086 code
    764	    0108			 send_8086:
    765	    0108  AD				 lodsw
    766	    0109  EF				 out	 dx,ax
    767	    010A  E2 FC				 loop send_8086
    768					 ;end 8086 code
    769	    010C  EB 06				 jmp	 short send_pkt_6
    770	    010E			 send_pkt_7:
    771						 .386
    772	    010E  C1 E9	02			 shr	 cx,2			 ;already rounded up.
    773	    0111  F3> 66| 6F			 rep	 outsd			 ;output 32 bits at a time.
    774						 .8086
    775	    0114			 send_pkt_6:
    776
    777	    0114  F8				 clc
    778	    0115  C3				 ret
    779
    780
    781						 public	 set_address
    782	    0116			 set_address:
    783					 ;enter	with ds:si -> Ethernet address,	CX = length of address.
    784					 ;exit with nc if okay,	or cy, dh=error	if any errors.
    785						 assume	 ds:nothing
    786	    0116  83 F9	06			 cmp	 cx,EADDR_LEN		 ;ensure that their address is okay.
    787	    0119  74 05				 je	 set_address_4
    788	    011B  B6 0E				 mov	 dh,BAD_ADDRESS
    789	    011D  F9				 stc
    790	    011E  EB 18				 jmp	 short set_address_done
    791	    0120			 set_address_4:
    792
    793						 loadport
1   794	    0120  2E: 8B 16 0004r		 mov	 dx,io_addr
    795						 setwin	 WNO_STATIONADDRESS
1   796						 setport PORT_CmdStatus
2   797	    0125  83 C2	0E						 add	 dx,PORT_CmdStatus - port_no
Turbo Assembler	 Version 4.1	    06/03/26 12:06:18	    Page 15
3c509.ASM



1   798	    0128  B8 0802			 mov	 ax,CMD_SELECTWINDOW+WNO_STATIONADDRESS
1   799	    012B  EF				 out	 dx,ax
    800						 setport PORT_SA0_1
1   801	    012C  83 C2	F2						 add	 dx,PORT_SA0_1 - port_no
    802	    012F			 set_address_1:
    803	    012F  AC				 lodsb
    804	    0130  EE				 out	 dx,al
    805	    0131  42				 inc	 dx
    806	    0132  E2 FB				 loop	 set_address_1
    807	    0134			 set_address_okay:
    808	    0134  B9 0006			 mov	 cx,EADDR_LEN		 ;return their address length.
    809	    0137  F8				 clc
    810	    0138			 set_address_done:
    811	    0138  0E				 push	 cs
    812	    0139  1F				 pop	 ds
    813						 assume	 ds:code
    814						 loadport
1   815	    013A  8B 16	0004r			 mov	 dx,io_addr
    816						 setwin	 WNO_OPERATING
1   817						 setport PORT_CmdStatus
2   818	    013E  83 C2	0E						 add	 dx,PORT_CmdStatus - port_no
1   819	    0141  B8 0801			 mov	 ax,CMD_SELECTWINDOW+WNO_OPERATING
1   820	    0144  EF				 out	 dx,ax
    821	    0145  C3				 ret
    822
    823
    824					 ;skip past the	following two bytes while destroying BX.
    825					 skip2	 macro
    826						 db	 0bbh			 ;opcode of "mov bx,0000"
    827						 endm
    828
    829	    0146			 rcv_mode_1:
    830	    0146  B0 00				 mov	 al,0			 ;receive nothing
    831						 skip2
1   832	    0148  BB				 db	 0bbh			 ;opcode of "mov bx,0000"
    833	    0149			 rcv_mode_2:
    834	    0149  B0 01				 mov	 al,1			 ;receive individual address
    835						 skip2
1   836	    014B  BB				 db	 0bbh			 ;opcode of "mov bx,0000"
    837	    014C			 rcv_mode_3:
    838	    014C  B0 05				 mov	 al,5			 ;receive individual address+broadcast
    839						 skip2
1   840	    014E  BB				 db	 0bbh			 ;opcode of "mov bx,0000"
    841	    014F			 rcv_mode_5:
    842	    014F  B0 03				 mov	 al,3			 ;receive individual address+group addr(multicast)
    843						 skip2
1   844	    0151  BB				 db	 0bbh			 ;opcode of "mov bx,0000"
    845	    0152			 rcv_mode_6:
    846	    0152  B0 08				 mov	 al,8			 ;receive all packets.
    847	    0154  B4 80				 mov	 ah,CMD_SETRXFILTER shr	8	 ;set receive filter
    848						 loadport
1   849	    0156  8B 16	0004r			 mov	 dx,io_addr
    850						 setport PORT_CmdStatus
1   851	    015A  83 C2	0E						 add	 dx,PORT_CmdStatus - port_no
    852	    015D  EF				 out	 dx,ax
    853	    015E  C3				 ret
    854
Turbo Assembler	 Version 4.1	    06/03/26 12:06:18	    Page 16
3c509.ASM



    855
    856						 public	 set_multicast_list
    857	    015F			 set_multicast_list:
    858					 ;enter	with ds:si ->list of multicast addresses, ax = number of addresses,
    859					 ;  cx = number	of bytes.
    860					 ;return nc if we set all of them, or cy,dh=error if we	didn't.
    861	    015F  B6 06				 mov	 dh,NO_MULTICAST
    862	    0161  F9				 stc
    863	    0162  C3				 ret
    864
    865
    866						 public	 terminate
    867	    0163			 terminate:
    868						 loadport
1   869	    0163  8B 16	0004r			 mov	 dx,io_addr
    870						 setport PORT_CmdStatus
1   871	    0167  83 C2	0E						 add	 dx,PORT_CmdStatus - port_no
    872	    016A  B8 0000			 mov	 ax,CMD_GLOBALRESET
    873	    016D  EF				 out	 dx,ax
    874	    016E  C3				 ret
    875
    876
    877						 public	 reset_interface
    878	    016F			 reset_interface:
    879					 ;reset	the interface.
    880						 assume	 ds:code
    881	    016F  C3				 ret
    882
    883
    884					 ;decide if we know this packet's type.
    885					 ;enter	with es:di -> packet type, dl =	packet class.
    886					 ;exit with nc if we know it, cy if not.
    887						 extrn	 recv_locate: near
    888
    889					 ;do the first upcall, get a pointer to	the packet.
    890					 ;enter	with cx	= packet length.
    891					 ;exit with cx = packet	length,	es:di -> buffer	for the	packet.
    892						 extrn	 recv_found: near
    893
    894					 ;called when we want to determine what	to do with a received packet.
    895					 ;enter	with cx	= packet length, es:di -> packet type, dl = packet class.
    896						 extrn	 recv_find: near
    897
    898					 ;called after we have copied the packet into the buffer.
    899					 ;enter	with ds:si ->the packet, cx = length of	the packet.
    900						 extrn	 recv_copy: near
    901
    902					 ;call this routine to schedule	a subroutine that gets run after the
    903					 ;recv_isr.  This is done by stuffing routine's	address	in place
    904					 ;of the recv_isr iret's address.  This	routine	should push the	flags when it
    905					 ;is entered, and should jump to recv_exiting_exit to leave.
    906					 ;enter	with ax	= address of routine to	run.
    907						 extrn	 schedule_exiting: near
    908
    909					 ;recv_exiting jumps here to exit, after pushing the flags.
    910						 extrn	 recv_exiting_exit: near
    911
Turbo Assembler	 Version 4.1	    06/03/26 12:06:18	    Page 17
3c509.ASM



    912						 extrn	 count_in_err: near
    913						 extrn	 count_out_err:	near
    914
    915	    0170  06*(??)		 ether_buff	 db	 EADDR_LEN  dup(?)
    916	    0176  06*(??)				 db	 EADDR_LEN  dup(?)
    917	    017C  08*(??)		 ether_type	 db	 8 dup(?)
    918		  =0014			 ETHER_BUFF_LEN	 equ	 $ - ether_buff
    919					 .erre	 (ETHER_BUFF_LEN and 3)	eq 0	 ;must be an even # of dwords.
    920
    921	    0184  0000			 early_bytes	 dw	 0		 ;the early byte gets the worm.
    922
    923	    0186			 read_header:
    924					 ;enter	with dx	-> PORT_RxFIFO
    925					 ;exit with es:di -> packet type.
    926
    927	    0186  8C D8				 mov	 ax,ds
    928	    0188  8E C0				 mov	 es,ax
    929	    018A  BF 0170r			 mov	 di,offset ether_buff
    930	    018D  B9 0005			 mov	 cx,ETHER_BUFF_LEN/4
    931	    0190  80 3E	0000e 00		 cmp	 is_186,0		 ;Can we use rep insw?
    932	    0195  75 08				 jne	 repinsd		 ;Yes.
    933	    0197  D1 E1				 shl	 cx,1
    934					 ;start	8086 code
    935	    0199			 l_rep:
    936	    0199  ED				 in	 ax,dx
    937	    019A  AB				 stosw
    938	    019B  E2 FC				 loop l_rep
    939					 ;end 8086 code
    940	    019D  EB 04				 jmp	 short set_type
    941	    019F			 repinsd:
    942						 .186
    943	    019F  D1 E1				 shl	 cx,1			 ;*** this gets	changed	into "rep insd"
    944	    01A1  F3> 6D			 rep	 insw			 ;***	"nop" on a 386 or 486.
    945						 .8086
    946	    01A3			 set_type:
    947	    01A3  BF 017Cr			 mov	 di,offset ether_type
    948
    949	    01A6  B2 01				 mov	 dl, BLUEBOOK		 ;assume bluebook Ethernet.
    950	    01A8  26: 8B 05			 mov	 ax, es:[di]
    951	    01AB  86 E0				 xchg	 ah, al
    952	    01AD  3D 05DC			 cmp	 ax, 1500
    953	    01B0  77 04				 ja	 read_header_1
    954	    01B2  47				 inc	 di			 ;set di to 802.2 header
    955	    01B3  47				 inc	 di
    956	    01B4  B2 0B				 mov	 dl, IEEE8023
    957	    01B6			 read_header_1:
    958	    01B6  C3				 ret
    959
    960
    961						 public	 recv
    962	    01B7			 recv:
    963					 ;called from the recv isr.  All registers have	been saved, ds=cs,
    964					 ;our interrupt	has been acknowledged, and our interrupts have been
    965					 ;masked at the	interrupt controller.
    966						 assume	 ds:code
    967	    01B7			 recv_another:
    968						 loadport
Turbo Assembler	 Version 4.1	    06/03/26 12:06:18	    Page 18
3c509.ASM



1   969	    01B7  8B 16	0004r			 mov	 dx,io_addr
    970						 setport PORT_CmdStatus
1   971	    01BB  83 C2	0E						 add	 dx,PORT_CmdStatus - port_no
    972	    01BE  ED				 in	 ax,dx			 ;did we get a packet?
    973	    01BF  0D 6800			 or	 ax,CMD_ACKNOWLEDGE
    974	    01C2  EF				 out	 dx,ax
    975						 setport PORT_RxStatus
1   976	    01C3  83 C2	FA						 add	 dx,PORT_RxStatus - port_no
    977	    01C6  A8 10				 test	 al,INT_RXCOMPLETE
    978	    01C8  75 29				 jne	 recv_complete
    979	    01CA  A8 20				 test	 al,INT_RXEARLY		 ;are we getting it early?
    980	    01CC  75 03				 jne	 recv_early
    981	    01CE  E9 010B			 jmp	 recv_exit			 ;no.
    982	    01D1			 recv_early:
    983	    01D1  ED				 in	 ax,dx			 ;get the amount we can	read.
    984	    01D2  25 07FF			 and	 ax,RXS_LENGTH
    985	    01D5  3D 0014			 cmp	 ax,ETHER_BUFF_LEN	 ;do we	have enough to read early?
    986	    01D8  72 14				 jb	 recv_early_1		 ;no, give up.
    987
    988	    01DA  C7 06	0184r 0014		 mov	 early_bytes,ETHER_BUFF_LEN
    989
    990						 setport PORT_RxFIFO
1   991	    01E0  83 C2	F8						 add	 dx,PORT_RxFIFO	- port_no
    992	    01E3  E8 FFA0			 call	 read_header
    993	    01E6  E8 0000e			 call	 recv_locate		 ;see if this is a type	we want.
    994	    01E9  73 03				 jnc	 recv_early_1		 ;it is, just exit.
    995	    01EB  E9 00D1			 jmp	 recv_discard		 ;it isn't.
    996
    997	    01EE			 recv_early_1:
    998	    01EE  EB C7				 jmp	 recv_another
    999
   1000					 ;yes, this is dead code.  It's	only in	here to	ensure that the	setport	macro
   1001					 ;has the right	value.
   1002						 setport PORT_RxStatus
1  1003	    01F0  83 C2	08						 add	 dx,PORT_RxStatus - port_no
   1004	    01F3			 recv_complete:
   1005	    01F3  ED				 in	 ax,dx			 ;get the size.
   1006	    01F4  A9 4000			 test	 ax,RXS_ERROR		 ;any errors?
   1007	    01F7  74 0F				 je	 recv_complete_2	 ;no, it's fine.
   1008
   1009	    01F9  25 3800			 and	 ax,RXS_ERRTYPE		 ;get just the error type bits.
   1010	    01FC  3D 1000			 cmp	 ax,RXS_DRIBBLE		 ;dribble is just a warning.
   1011	    01FF  74 06				 je	 recv_complete_1	 ;if only dribble is set, that's okay.
   1012
   1013	    0201			 recv_err:
   1014	    0201  E8 0000e			 call	 count_in_err
   1015	    0204  E9 00B8			 jmp	 recv_discard
   1016
   1017	    0207			 recv_complete_1:
   1018	    0207  ED				 in	 ax,dx			 ;get the size again.
   1019	    0208			 recv_complete_2:
   1020					 ;Put it on the	receive	queue
   1021	    0208  25 07FF			 and	 ax,RXS_LENGTH
   1022	    020B  8B C8				 mov	 cx,ax
   1023
   1024	    020D  83 3E	0184r 00		 cmp	 early_bytes,0		 ;did we read the header in already?
   1025	    0212  75 1A				 jne	 recv_complete_3	 ;yes, we've already got it.
Turbo Assembler	 Version 4.1	    06/03/26 12:06:18	    Page 19
3c509.ASM



   1026
   1027	    0214  83 F9	3C			 cmp	 cx,RUNT		 ;check	legal packet size
   1028	    0217  72 E8				 jb	 recv_err
   1029	    0219  81 F9	05EA			 cmp	 cx,GIANT
   1030	    021D  77 E2				 ja	 recv_err
   1031
   1032	    021F  51				 push	 cx
   1033						 setport PORT_RxFIFO
1  1034	    0220  83 C2	F8						 add	 dx,PORT_RxFIFO	- port_no
   1035	    0223  E8 FF60			 call	 read_header
   1036	    0226  59				 pop	 cx
   1037
   1038	    0227  51				 push	 cx
   1039	    0228  E8 0000e			 call	 recv_find
   1040	    022B  59				 pop	 cx
   1041	    022C  EB 14				 jmp	 short	 recv_complete_4
   1042
   1043	    022E			 recv_complete_3:
   1044	    022E  03 0E	0184r			 add	 cx,early_bytes		 ;add in the early bytes we got.
   1045
   1046	    0232  83 F9	3C			 cmp	 cx,RUNT		 ;check	legal packet size
   1047	    0235  72 CA				 jb	 recv_err
   1048	    0237  81 F9	05EA			 cmp	 cx,GIANT
   1049	    023B  77 C4				 ja	 recv_err
   1050
   1051	    023D  51				 push	 cx
   1052	    023E  E8 0000e			 call	 recv_found		 ;do the first upcall.
   1053	    0241  59				 pop	 cx
   1054
   1055	    0242			 recv_complete_4:
   1056	    0242  8C C0				 mov	 ax,es			 ;is this pointer null?
   1057	    0244  0B C7				 or	 ax,di
   1058	    0246  74 77				 je	 recv_discard		 ;yes -	just free the frame.
   1059
   1060	    0248  06				 push	 es			 ;remember where the buffer pointer is.
   1061	    0249  57				 push	 di
   1062
   1063	    024A  8B D9				 mov	 bx,cx			 ;save the count.
   1064	    024C  B9 000A			 mov	 cx,ETHER_BUFF_LEN/2	 ;move the data	over.
   1065	    024F  BE 0170r			 mov	 si,offset ether_buff
   1066	    0252  F3> A5			 rep	 movsw
   1067
   1068						 loadport			 ;restore the I/O port.
1  1069	    0254  8B 16	0004r			 mov	 dx,io_addr
   1070						 setport PORT_RxFIFO
   1071	    0258  8B CB				 mov	 cx,bx			 ;restore the count.
   1072	    025A  83 E9	14			 sub	 cx,ETHER_BUFF_LEN	 ;but leave off	what we've already copied.
   1073
   1074	    025D  80 3E	0000e 00		 cmp	 is_386,0
   1075	    0262  75 24				 jne	 io_input_386
   1076	    0264  51				 push	 cx
   1077	    0265  D1 E9				 shr	 cx,1
   1078	    0267  80 3E	0000e 00		 cmp	 is_186,0		 ;can we use rep insw?
   1079	    026C  74 04				 je	 l_input		 ;no.
   1080						 .286
   1081	    026E  F3> 6D			 rep	 insw
   1082						 .8086
Turbo Assembler	 Version 4.1	    06/03/26 12:06:18	    Page 20
3c509.ASM



   1083	    0270  EB 04				 jmp	 short io_input_1
   1084					 ;start	8086 code
   1085	    0272			 l_input:
   1086	    0272  ED				 in	 ax, dx
   1087	    0273  AB				 stosw
   1088	    0274  E2 FC				 loop l_input
   1089					 ;end 8086 code
   1090
   1091	    0276			 io_input_1:
   1092	    0276  59				 pop	 cx
   1093	    0277  F7 C1	0001			 test	 cx,1			 ;odd count?
   1094	    027B  74 02				 je	 io_input_2		 ;go if	the count was even.
   1095	    027D  ED				 in	 ax,dx			 ;get a	word
   1096	    027E  AA				 stosb				 ;and save a byte
   1097	    027F			 io_input_2:
   1098	    027F  F7 C1	0002			 test	 cx,2			 ;odd number of	words?
   1099	    0283  74 2F				 je	 io_input_done		 ;no.
   1100	    0285  ED				 in	 ax,dx			 ;yes, get the pad word.
   1101	    0286  EB 2C				 jmp	 short io_input_done
   1102
   1103	    0288			 io_input_386:
   1104						 .386
   1105	    0288  66| 50			 push	 eax
   1106	    028A  51				 push	 cx			 ;first, get all the full words.
   1107	    028B  C1 E9	02			 shr	 cx,2
   1108	    028E  F3> 66| 6D			 rep	 insd
   1109	    0291  59				 pop	 cx
   1110	    0292  F7 C1	0003			 test	 cx,3			 ;even number of dwords?
   1111	    0296  74 1A	90 90			 je	 io_input_386_one_byte	 ;yes.
   1112	    029A  66| ED			 in	 eax,dx			 ;no, get the partial word.
   1113	    029C  F7 C1	0002			 test	 cx,2			 ;a full word to be stored?
   1114	    02A0  74 07	90 90			 je	 io_input_386_one_word
   1115	    02A4  AB				 stosw				 ;yes, store it,
   1116	    02A5  66| C1 E8 10			 shr	 eax,16			 ;and move over	by a word.
   1117	    02A9			 io_input_386_one_word:
   1118
   1119	    02A9  F7 C1	0001			 test	 cx,1			 ;a full byte to be stored?
   1120	    02AD  74 03	90 90			 je	 io_input_386_one_byte
   1121	    02B1  AA				 stosb				 ;yes, store it.
   1122	    02B2			 io_input_386_one_byte:
   1123	    02B2  66| 58			 pop	 eax
   1124						 .8086
   1125
   1126	    02B4			 io_input_done:
   1127
   1128	    02B4  8B CB				 mov	 cx,bx			 ;restore the count.
   1129	    02B6  5E				 pop	 si
   1130	    02B7  1F				 pop	 ds
   1131						 assume	 ds:nothing
   1132	    02B8  E8 0000e			 call	 recv_copy		 ;tell them that we copied it.
   1133
   1134	    02BB  8C C8				 mov	 ax,cs			 ;restore our ds.
   1135	    02BD  8E D8				 mov	 ds,ax
   1136						 assume	 ds:code
   1137
   1138	    02BF			 recv_discard:
   1139						 loadport
Turbo Assembler	 Version 4.1	    06/03/26 12:06:18	    Page 21
3c509.ASM



1  1140	    02BF  8B 16	0004r			 mov	 dx,io_addr
   1141						 setport PORT_CmdStatus
1  1142	    02C3  83 C2	0E						 add	 dx,PORT_CmdStatus - port_no
   1143	    02C6  9C				 pushf
   1144	    02C7  FA				 cli
   1145	    02C8  B8 4000			 mov	 ax,CMD_RXDISCARD
   1146	    02CB  EF				 out	 dx,ax
   1147	    02CC			 recv_discard_1:
   1148	    02CC  ED				 in	 ax,dx			 ;wait for the command to finish.
   1149	    02CD  A9 1000			 test	 ax,ST_BUSY
   1150	    02D0  75 FA				 jne	 recv_discard_1
   1151	    02D2  9D				 popf
   1152
   1153	    02D3  C7 06	0184r 0000		 mov	 early_bytes,0
   1154
   1155	    02D9  E9 FEDB			 jmp	 recv_another
   1156	    02DC			 recv_exit:
   1157	    02DC  C3				 ret
   1158
   1159
   1160						 public	 timer_isr
   1161	    02DD			 timer_isr:
   1162					 ;if the first instruction is an iret, then the	timer is not hooked
   1163	    02DD  CF				 iret
   1164
   1165					 ;any code after this will not be kept.	 Buffers used by the program, if any,
   1166					 ;are allocated	from the memory	between	end_resident and end_free_mem.
   1167						 public	end_resident,end_free_mem
   1168	    02DE			 end_resident	 label	 byte
   1169	    02DE			 end_free_mem	 label	 byte
   1170
   1171
   1172						 public	 usage_msg, mca_usage_msg
   1173	    02DE			 mca_usage_msg	 label	 byte
   1174	    02DE  75 73	61 67 65 3A 20+	 usage_msg	 db	 "usage: 3c509 [options] <packet_int_no> [id_port]",CR,LF,'$'
   1175		  33 63	35 30 39 20 5B+
   1176		  6F 70	74 69 6F 6E 73+
   1177		  5D 20	3C 70 61 63 6B+
   1178		  65 74	5F 69 6E 74 5F+
   1179		  6E 6F	3E 20 5B 69 64+
   1180		  5F 70	6F 72 74 5D 0D+
   1181		  0A 24
   1182
   1183						 public	 copyright_msg
   1184	    0311  50 61	63 6B 65 74 20+	 copyright_msg	 db	 "Packet driver	for a 3c509, version ",'0'+(majver / 10),'0'+(majver+
   1185		  64 72	69 76 65 72 20+	 mod 10),".",'0'+version,CR,LF
   1186		  66 6F	72 20 61 20 33+
   1187		  63 35	30 39 2C 20 76+
   1188		  65 72	73 69 6F 6E 20+
   1189		  31 31	2E 37 0D 0A
   1190	    033A  50 6F	72 74 69 6F 6E+			 db	 "Portions Copyright 1992, Crynwr Software",CR,LF
   1191		  73 20	43 6F 70 79 72+
   1192		  69 67	68 74 20 31 39+
   1193		  39 32	2C 20 43 72 79+
   1194		  6E 77	72 20 53 6F 66+
   1195		  74 77	61 72 65 0D 0A
   1196	    0364  38 30	38 38 2F 38 30+			 db	 "8088/8086 support by Nestor a.k.a. DistWave",CR,LF
Turbo Assembler	 Version 4.1	    06/03/26 12:06:18	    Page 22
3c509.ASM



   1197		  38 36	20 73 75 70 70+
   1198		  6F 72	74 20 62 79 20+
   1199		  4E 65	73 74 6F 72 20+
   1200		  61 2E	6B 2E 61 2E 20+
   1201		  44 69	73 74 57 61 76+
   1202		  65 0D	0A
   1203	    0391  56 32	30 2F 56 33 30+			 db	 "V20/V30 support by Davide Bresolin",CR,LF,'$'
   1204		  20 73	75 70 70 6F 72+
   1205		  74 20	62 79 20 44 61+
   1206		  76 69	64 65 20 42 72+
   1207		  65 73	6F 6C 69 6E 0D+
   1208		  0A 24
   1209	    03B6  0D 0A			 no_isa_msg	 db	 CR,LF
   1210	    03B8  4E 6F	20 33 63 35 30+			 db	 "No 3c509 found.  Use a different id_port value.  Default is	    +
   1211		  39 20	66 6F 75 6E 64+	 0x110.",CR,LF,'$'
   1212		  2E 20	20 55 73 65 20+
   1213		  61 20	64 69 66 66 65+
   1214		  72 65	6E 74 20 69 64+
   1215		  5F 70	6F 72 74 20 76+
   1216		  61 6C	75 65 2E 20 20+
   1217		  44 65	66 61 75 6C 74+
   1218		  20 69	73 20 30 78 31+
   1219		  31 30	2E 0D 0A 24
   1220	    03FD  52 65	61 64 69 6E 67+	 reading_msg	 db	 "Reading EEPROM.",'$'
   1221		  20 45	45 50 52 4F 4D+
   1222		  2E 24
   1223
   1224	    040D  4D 75	6C 74 69 70 6C+	 multiple_msg	 db	 "Multiple 3C509s found, specify i/o port",CR,LF,'$'
   1225		  65 20	33 43 35 30 39+
   1226		  73 20	66 6F 75 6E 64+
   1227		  2C 20	73 70 65 63 69+
   1228		  66 79	20 69 2F 6F 20+
   1229		  70 6F	72 74 0D 0A 24
   1230	    0437  4E 6F	20 33 43 35 30+	 wrong_port_msg	 db	 "No 3C509 board found at specified i/o	port",CR,LF,'$'
   1231		  39 20	62 6F 61 72 64+
   1232		  20 66	6F 75 6E 64 20+
   1233		  61 74	20 73 70 65 63+
   1234		  69 66	69 65 64 20 69+
   1235		  2F 6F	20 70 6F 72 74+
   1236		  0D 0A	24
   1237	    0464  45 49	53 41 20 63 6F+	 eisa_in_isa_msg db	 "EISA configured board	in ISA slot",CR,LF,'$'
   1238		  6E 66	69 67 75 72 65+
   1239		  64 20	62 6F 61 72 64+
   1240		  20 69	6E 20 49 53 41+
   1241		  20 73	6C 6F 74 0D 0A+
   1242		  24
   1243
   1244	    0488  49 6E	74 65 72 72 75+	 int_no_name	 db	 "Interrupt number ",'$'
   1245		  70 74	20 6E 75 6D 62+
   1246		  65 72	20 24
   1247	    049A  49 2F	4F 20 70 6F 72+	 io_addr_name	 db	 "I/O port ",'$'
   1248		  74 20	24
   1249	    04A4  55 73	69 6E 67 20 41+	 aui_xcvr_msg	 db	 "Using	AUI transceiver",CR,LF,'$'
   1250		  55 49	20 74 72 61 6E+
   1251		  73 63	65 69 76 65 72+
   1252		  0D 0A	24
   1253	    04BC  55 73	69 6E 67 20 42+	 bnc_xcvr_msg	 db	 "Using	BNC (10Base2) transceiver",CR,LF,'$'
Turbo Assembler	 Version 4.1	    06/03/26 12:06:18	    Page 23
3c509.ASM



   1254		  4E 43	20 28 31 30 42+
   1255		  61 73	65 32 29 20 74+
   1256		  72 61	6E 73 63 65 69+
   1257		  76 65	72 0D 0A 24
   1258	    04DE  55 73	69 6E 67 20 54+	 tp_xcvr_msg	 db	 "Using	Twisted	Pair (10BaseT) transceiver",CR,LF,'$'
   1259		  77 69	73 74 65 64 20+
   1260		  50 61	69 72 20 28 31+
   1261		  30 42	61 73 65 54 29+
   1262		  20 74	72 61 6E 73 63+
   1263		  65 69	76 65 72 0D 0A+
   1264		  24
   1265	    0509  49 44	20 70 6F 72 74+	 id_port_name	 db	 "ID port ",'$'
   1266		  20 24
   1267
   1268					 ;called when you're ready to receive interrupts.
   1269						 extrn	 set_recv_isr: near
   1270
   1271					 ;enter	with si	-> argument string, di -> dword	to store.
   1272					 ;if there is no number, don't change the number.
   1273						 extrn	 get_number: near
   1274
   1275					 ;enter	with dx	-> argument string, di -> dword	to print.
   1276						 extrn	 print_number: near
   1277
   1278					 ;-> the unique	Ethernet address of the	card.  Filled in by the	etopen routine.
   1279						 extrn	 rom_address: byte
   1280
   1281					 ;-> current address.  Normally	the same as rom_address, unless	changed
   1282					 ;by the set_address() call.
   1283						 extrn	 my_address: byte
   1284
   1285	    0512  ????			 address_configuration	 dw	 ?
   1286	    0514  ????			 resource_configuration	 dw	 ?
   1287
   1288	    0516  00			 is_10base2	 db	 0
   1289	    0517  00			 is_10baseT	 db	 0
   1290
   1291	    0518  0110 0000		 id_port	 dw	 110h,0
   1292	    051C  0000 0000		 scratch	 dw	 0,0		 ;for multi-board support
   1293	    0520  00			 board_number	 db	 0
   1294
   1295					 ;print	the character in al.
   1296						 extrn	 chrout: near
   1297
   1298					 ;print	a crlf
   1299						 extrn	 crlf: near
   1300
   1301					 ;parse_args is	called with si -> first	parameter (CR if none).
   1302						 public	 parse_args
   1303	    0521			 parse_args:
   1304					 ;exit with nc if all went well, cy otherwise.
   1305	    0521  BF 0518r			 mov	 di,offset id_port
   1306	    0524  E8 0000e			 call	 get_number
   1307	    0527  F8				 clc
   1308	    0528  C3				 ret
   1309
   1310
Turbo Assembler	 Version 4.1	    06/03/26 12:06:18	    Page 24
3c509.ASM



   1311						 public	 etopen
   1312	    0529			 etopen:
   1313					 ;initialize the driver.  Fill in rom_address with the assigned	address	of
   1314					 ;the board.  Exit with	nc if all went well, or	cy, dx -> $ terminated error msg.
   1315
   1316	    0529  80 3E	0000e 00		 cmp	 is_386,0		 ;can we do a real insd?
   1317	    052E  74 0C				 je	 etopen_2
   1318					 ;overlay the repinsd routine with a real "rep insd;nop"
   1319	    0530  C7 06	019Fr F366		 mov	 word ptr repinsd+0,066h+0f3h*256
   1320	    0536  C7 06	01A1r 906D		 mov	 word ptr repinsd+2,06dh+090h*256
   1321	    053C			 etopen_2:
   1322
   1323	    053C  80 3E	0000e 00		 cmp	 is_eisa,0
   1324	    0541  75 03				 jne	 etopen_eisa
   1325	    0543  EB 65	90			 jmp	 etopen_isa
   1326	    0546			 etopen_eisa:
   1327	    0546  B9 000F			 mov	 cx,0fh
   1328	    0549			 eisa_search:
   1329	    0549  8B D1				 mov	 dx,cx			 ;move it into the first nibble.
   1330						 rept	 12
   1331						 shl	 dx,1
   1332						 endm
1  1333	    054B  D1 E2				 shl	 dx,1
1  1334	    054D  D1 E2				 shl	 dx,1
1  1335	    054F  D1 E2				 shl	 dx,1
1  1336	    0551  D1 E2				 shl	 dx,1
1  1337	    0553  D1 E2				 shl	 dx,1
1  1338	    0555  D1 E2				 shl	 dx,1
1  1339	    0557  D1 E2				 shl	 dx,1
1  1340	    0559  D1 E2				 shl	 dx,1
1  1341	    055B  D1 E2				 shl	 dx,1
1  1342	    055D  D1 E2				 shl	 dx,1
1  1343	    055F  D1 E2				 shl	 dx,1
1  1344	    0561  D1 E2				 shl	 dx,1
   1345	    0563  81 CA	0C80			 or	 dx,0c80h
   1346	    0567  ED				 in	 ax,dx			 ;look for the manufacturer's ID
   1347	    0568  3D 6D50			 cmp	 ax,EISA_MANUFACTURER_ID
   1348	    056B  75 0B				 jne	 eisa_search_1
   1349	    056D  42				 inc	 dx
   1350	    056E  42				 inc	 dx
   1351	    056F  ED				 in	 ax,dx			 ;look for the product ID
   1352	    0570  25 F0FF			 and	 ax,PRODUCT_ID_MASK
   1353	    0573  3D 9050			 cmp	 ax,ISA_PRODUCT_ID
   1354	    0576  74 05				 je	 eisa_found
   1355	    0578			 eisa_search_1:
   1356	    0578  E2 CF				 loop	 eisa_search
   1357	    057A  EB 2E	90			 jmp	 etopen_isa		 ;;; if	it's not EISA-configured, try ISA.
   1358
   1359	    057D			 eisa_found:
   1360	    057D  81 E2	F000			 and	 dx,0f000h
   1361	    0581  89 16	0004r			 mov	 io_addr,dx
   1362
   1363						 loadport
1  1364	    0585  8B 16	0004r			 mov	 dx,io_addr
   1365						 setwin	 WNO_SETUP
1  1366						 setport PORT_CmdStatus
2  1367	    0589  83 C2	0E						 add	 dx,PORT_CmdStatus - port_no
Turbo Assembler	 Version 4.1	    06/03/26 12:06:18	    Page 25
3c509.ASM



1  1368	    058C  B8 0800			 mov	 ax,CMD_SELECTWINDOW+WNO_SETUP
1  1369	    058F  EF				 out	 dx,ax
   1370
   1371						 setport PORT_CfgAddress
1  1372	    0590  83 C2	F8						 add	 dx,PORT_CfgAddress - port_no
   1373	    0593  ED				 in	 ax,dx
   1374	    0594  A3 0512r			 mov	 address_configuration,ax
   1375
   1376						 setport PORT_CfgResource
1  1377	    0597  83 C2	02						 add	 dx,PORT_CfgResource - port_no
   1378	    059A  ED				 in	 ax,dx
   1379	    059B  A3 0514r			 mov	 resource_configuration,ax
   1380
   1381						 setport PORT_EECmd
1  1382	    059E  83 C2	02						 add	 dx,PORT_EECmd - port_no
   1383	    05A1  BE 070Br			 mov	 si,offset read_ee_eisa
   1384	    05A4  E8 0149			 call	 read_eaddr
   1385
   1386	    05A7  E9 00A2			 jmp	 have_configuration
   1387
   1388	    05AA			 etopen_isa:
   1389	    05AA  81 26	0518r 01F0		 and	 id_port,01f0h		 ;isolate only the bits	we can use.
   1390	    05B0  E8 0126			 call	 write_id_pat
   1391
   1392	    05B3  B0 C0				 mov	 al,ID_GLOBAL_RESET	 ;reset	the adapter.
   1393	    05B5  EE				 out	 dx,al
   1394	    05B6  E8 0178			 call	 delay_27_5ms		 ;wait for 310 us.
   1395
   1396	    05B9  E8 011D			 call	 write_id_pat
   1397
   1398	    05BC  B0 D0				 mov	 al,SET_TAG_REGISTER
   1399	    05BE  EE				 out	 dx,al
   1400
   1401	    05BF  52				 push	 dx
   1402	    05C0  BA 03FDr			 mov	 dx,offset reading_msg
   1403	    05C3  B4 09				 mov	 ah,9
   1404	    05C5  CD 21				 int	 21h
   1405	    05C7  5A				 pop	 dx
   1406
   1407	    05C8  32 C0				 xor	 al,al
   1408	    05CA  33 FF				 xor	 di,di
   1409	    05CC  B9 0010			 mov	 cx,16
   1410	    05CF			 read_isa_checksum:
   1411	    05CF  50				 push	 ax
   1412	    05D0  51				 push	 cx
   1413	    05D1  E8 0148			 call	 read_ee_isa
   1414	    05D4  8B D8				 mov	 bx,ax
   1415	    05D6  B0 2E				 mov	 al,'.'
   1416	    05D8  E8 0000e			 call	 chrout
   1417	    05DB  59				 pop	 cx
   1418	    05DC  58				 pop	 ax
   1419	    05DD  3C 03				 cmp	 al,3
   1420	    05DF  75 0C				 jne	 read_isa_checksum_not_3
   1421	    05E1  53				 push	 bx
   1422	    05E2  81 E3	F0FF			 and	 bx,0f0ffh
   1423	    05E6  81 FB	9050			 cmp	 bx,09050h
   1424	    05EA  5B				 pop	 bx
Turbo Assembler	 Version 4.1	    06/03/26 12:06:18	    Page 26
3c509.ASM



   1425	    05EB  75 31				 jne	 not_found_isa
   1426	    05ED			 read_isa_checksum_not_3:
   1427	    05ED  3C 07				 cmp	 al,7
   1428	    05EF  75 06				 jne	 read_isa_checksum_not_7
   1429	    05F1  81 FB	6D50			 cmp	 bx,6d50h
   1430	    05F5  75 27				 jne	 not_found_isa
   1431	    05F7			 read_isa_checksum_not_7:
   1432	    05F7  3C 08				 cmp	 al,8
   1433	    05F9  74 12				 je	 read_isa_checksum_1
   1434	    05FB  3C 09				 cmp	 al,9
   1435	    05FD  74 0E				 je	 read_isa_checksum_1
   1436	    05FF  3C 0D				 cmp	 al,0dh
   1437	    0601  74 0A				 je	 read_isa_checksum_1
   1438	    0603  3C 0F				 cmp	 al,0fh			 ;if it's the checksum itself, just xor.
   1439	    0605  74 0A				 je	 read_isa_checksum_2
   1440	    0607  32 FB				 xor	 bh,bl			 ;accumulate checksum in high byte.
   1441	    0609  32 DB				 xor	 bl,bl			 ;leave	low byte alone.
   1442	    060B  EB 04				 jmp	 short read_isa_checksum_2
   1443	    060D			 read_isa_checksum_1:
   1444	    060D  32 DF				 xor	 bl,bh			 ;accumulate checksum in low byte.
   1445	    060F  32 FF				 xor	 bh,bh			 ;leave	high byte alone.
   1446	    0611			 read_isa_checksum_2:
   1447	    0611  33 FB				 xor	 di,bx			 ;include previous checksum.
   1448
   1449	    0613  FE C0				 inc	 al			 ;and go to the	next register.
   1450	    0615  E2 B8				 loop	 read_isa_checksum
   1451
   1452	    0617  E8 0000e			 call	 crlf
   1453
   1454	    061A  0B FF				 or	 di,di			 ;did the checksum compare?
   1455	    061C  74 05				 je	 found_isa		 ;yes.
   1456	    061E			 not_found_isa:
   1457	    061E  BA 03B6r			 mov	 dx,offset no_isa_msg
   1458	    0621  F9				 stc
   1459	    0622  C3				 ret
   1460
   1461	    0623			 found_isa:
   1462	    0623  BE 071Cr			 mov	 si,offset read_ee_isa
   1463	    0626  E8 00C7			 call	 read_eaddr
   1464
   1465	    0629  B0 08				 mov	 al,EE_ADDR_CONFIGURATION
   1466	    062B  E8 00EE			 call	 read_ee_isa
   1467	    062E  A3 0512r			 mov	 address_configuration,ax
   1468
   1469	    0631  B0 09				 mov	 al,EE_RESOURCE_CONFIGURATION
   1470	    0633  E8 00E6			 call	 read_ee_isa
   1471	    0636  A3 0514r			 mov	 resource_configuration,ax
   1472
   1473	    0639  B0 FF				 mov	 al,ACTIVATE_VULCAN
   1474	    063B  EE				 out	 dx,al
   1475
   1476	    063C  A1 0512r			 mov	 ax,address_configuration
   1477	    063F  25 001F			 and	 ax,1fh
   1478	    0642  B1 04				 mov	 cl,4
   1479	    0644  D3 E0				 shl	 ax,cl
   1480	    0646  05 0200			 add	 ax,MIN_IO_BASE_ADDR
   1481	    0649  A3 0004r			 mov	 io_addr,ax
Turbo Assembler	 Version 4.1	    06/03/26 12:06:18	    Page 27
3c509.ASM



   1482
   1483	    064C			 have_configuration:
   1484	    064C  A1 0512r			 mov	 ax,address_configuration
   1485	    064F  25 C000			 and	 ax,BNC_XCVR or	TP_XCVR	or AUI_XCVR	 ;include all the bits.
   1486	    0652  3D C000			 cmp	 ax,BNC_XCVR		 ;does it match	BNC?
   1487	    0655  75 04				 jne	 not_10base2
   1488	    0657  FE 06	0516r			 inc	 is_10base2
   1489	    065B			 not_10base2:
   1490	    065B  3D 0000			 cmp	 ax,TP_XCVR		 ;does it match	TP?
   1491	    065E  75 04				 jne	 not_10baseT
   1492	    0660  FE 06	0517r			 inc	 is_10baseT
   1493	    0664			 not_10baseT:
   1494
   1495	    0664  8B 1E	0514r			 mov	 bx,resource_configuration
   1496	    0668  B1 0C				 mov	 cl,12			 ;move it over where we	need it.
   1497	    066A  D3 EB				 shr	 bx,cl
   1498	    066C  88 1E	0000r			 mov	 int_no,bl
   1499
   1500						 loadport
1  1501	    0670  8B 16	0004r			 mov	 dx,io_addr
   1502						 setwin	 WNO_DIAGNOSTICS
1  1503						 setport PORT_CmdStatus
2  1504	    0674  83 C2	0E						 add	 dx,PORT_CmdStatus - port_no
1  1505	    0677  B8 0804			 mov	 ax,CMD_SELECTWINDOW+WNO_DIAGNOSTICS
1  1506	    067A  EF				 out	 dx,ax
   1507						 setport PORT_MediaStatus
1  1508	    067B  83 C2	FC						 add	 dx,PORT_MediaStatus - port_no
   1509	    067E  ED				 in	 ax,dx
   1510	    067F  0D 00C0			 or	 ax,MEDIA_LBEATENABLE or MEDIA_JABBERENABLE
   1511	    0682  EF				 out	 dx,ax
   1512
   1513						 setwin	 WNO_SETUP		 ;select Window	0
1  1514						 setport PORT_CmdStatus
2  1515	    0683  83 C2	04						 add	 dx,PORT_CmdStatus - port_no
1  1516	    0686  B8 0800			 mov	 ax,CMD_SELECTWINDOW+WNO_SETUP
1  1517	    0689  EF				 out	 dx,ax
   1518
   1519	    068A  B8 4800			 mov	 ax,CMD_TXENABLE	 ;Enable the transmitter
   1520	    068D  EF				 out	 dx,ax
   1521
   1522	    068E  B8 2000			 mov	 ax,CMD_RXENABLE	 ;Enable the receiver
   1523	    0691  EF				 out	 dx,ax
   1524
   1525					 ;Enable RX Complete interrupts
   1526	    0692  B8 7010			 mov	 ax,CMD_SETINTMASK + INT_RXCOMPLETE
   1527						 ;mov	 ax,CMD_SETINTMASK + INT_RXCOMPLETE + INT_RXEARLY
   1528	    0695  EF				 out	 dx,ax
   1529
   1530	    0696  B8 78FE			 mov	 ax,CMD_SETRZMASK + 0feh ;Enable all the status	bits.
   1531	    0699  EF				 out	 dx,ax
   1532
   1533	    069A  B8 9800			 mov	 ax,CMD_SETTXSTART + 0	 ;start	transmitting after this	many bytes.
   1534	    069D  EF				 out	 dx,ax
   1535
   1536	    069E  B8 8800			 mov	 ax,CMD_SETRXEARLY + 0	 ;receive after	this many bytes.
   1537	    06A1  EF				 out	 dx,ax
   1538
Turbo Assembler	 Version 4.1	    06/03/26 12:06:18	    Page 28
3c509.ASM



   1539	    06A2  80 3E	0516r 00		 cmp	 is_10base2,0		 ;coax?
   1540	    06A7  74 07				 je	 not_10base2_1		 ;no.
   1541	    06A9  B8 1000			 mov	 ax,CMD_STARTINTXCVR	 ;start	internal transciever
   1542	    06AC  EF				 out	 dx,ax
   1543	    06AD  E8 0081			 call	 delay_27_5ms
   1544	    06B0			 not_10base2_1:
   1545
   1546						 setport PORT_CfgControl	 ;position to the CCR
1  1547	    06B0  83 C2	F6						 add	 dx,PORT_CfgControl - port_no
   1548	    06B3  B0 01				 mov	 al,ENABLE_ADAPTER	 ;Enable the adapter.
   1549	    06B5  EE				 out	 dx,al
   1550
   1551	    06B6  E8 FA93			 call	 rcv_mode_3
   1552
   1553	    06B9  BE 0000e			 mov	 si,offset rom_address	 ;set our address.
   1554	    06BC  B9 0006			 mov	 cx,EADDR_LEN
   1555	    06BF  E8 FA5E			 call	 set_address_4
   1556					 ;sets the window to WNO_OPERATING.
   1557
   1558	    06C2  E8 0000e			 call	 set_recv_isr
   1559
   1560	    06C5  A0 0000r			 mov	 al, int_no		 ; Get board's interrupt vector
   1561	    06C8  04 08				 add	 al, 8
   1562	    06CA  3C 10				 cmp	 al, 8+8		 ; Is it a slave 8259 interrupt?
   1563	    06CC  72 02				 jb	 set_int_num		 ; No.
   1564	    06CE  04 60				 add	 al, 70h - 8 - 8	 ; Map it to the real interrupt.
   1565	    06D0			 set_int_num:
   1566	    06D0  32 E4				 xor	 ah, ah			 ; Clear high byte
   1567	    06D2  A3 001Fr			 mov	 int_num, ax		 ; Set parameter_list int num.
   1568
   1569	    06D5  F8				 clc
   1570	    06D6  C3				 ret
   1571					 ;if we	got an error,
   1572	    06D7  F9				 stc
   1573	    06D8  C3				 ret
   1574
   1575
   1576	    06D9			 write_id_pat:
   1577					 ;write	the 3c509 ID pattern to	the ID port.
   1578	    06D9  8B 16	0518r			 mov	 dx,id_port
   1579	    06DD  32 C0				 xor	 al,al
   1580	    06DF  EE				 out	 dx,al			 ;select the ID	port.
   1581	    06E0  EE				 out	 dx,al			 ;reset	hardware pattern generator
   1582	    06E1  B9 00FF			 mov	 cx,0ffh
   1583	    06E4  B0 FF				 mov	 al,0ffh
   1584	    06E6			 write_id_pat_1:
   1585	    06E6  EE				 out	 dx,al			 ;keep writing matching	values...
   1586	    06E7  D0 E0				 shl	 al,1
   1587	    06E9  73 02				 jnc	 write_id_pat_2
   1588	    06EB  34 CF				 xor	 al,0cfh
   1589	    06ED			 write_id_pat_2:
   1590	    06ED  E2 F7				 loop	 write_id_pat_1
   1591	    06EF  C3				 ret
   1592
   1593	    06F0			 read_eaddr:
   1594					 ;enter	with dx	= eeprom register, si -> routine to read eeprom.
   1595	    06F0  0E				 push	 cs
Turbo Assembler	 Version 4.1	    06/03/26 12:06:18	    Page 29
3c509.ASM



   1596	    06F1  07				 pop	 es
   1597	    06F2  BF 0000e			 mov	 di,offset rom_address
   1598
   1599	    06F5  B0 00				 mov	 al,EE_TCOM_NODE_ADDR_WORD0	 ;read the Ethernet address.
   1600	    06F7  FF D6				 call	 si
   1601	    06F9  86 E0				 xchg	 ah,al
   1602	    06FB  AB				 stosw
   1603	    06FC  B0 01				 mov	 al,EE_TCOM_NODE_ADDR_WORD1
   1604	    06FE  FF D6				 call	 si
   1605	    0700  86 E0				 xchg	 ah,al
   1606	    0702  AB				 stosw
   1607	    0703  B0 02				 mov	 al,EE_TCOM_NODE_ADDR_WORD2
   1608	    0705  FF D6				 call	 si
   1609	    0707  86 E0				 xchg	 ah,al
   1610	    0709  AB				 stosw
   1611	    070A  C3				 ret
   1612
   1613
   1614	    070B			 read_ee_eisa:
   1615					 ;enter	with al	= EEPROM address to read, dx = PORT_EECmd
   1616					 ;exit with ax = data.
   1617	    070B  0C 80				 or	 al,READ_EEPROM
   1618	    070D  EE				 out	 dx,al
   1619	    070E			 read_ee_eisa_1:
   1620	    070E  ED				 in	 ax,dx
   1621	    070F  A9 8000			 test	 ax,EE_BUSY
   1622	    0712  75 FA				 jnz	 read_ee_eisa_1
   1623	    0714  83 C2	02			 add	 dx,PORT_EEData	- PORT_EECmd	 ;move to data register.
   1624	    0717  ED				 in	 ax,dx
   1625	    0718  83 C2	FE			 add	 dx,PORT_EECmd - PORT_EEData	 ;move back to command register.
   1626	    071B  C3				 ret
   1627
   1628
   1629	    071C			 read_ee_isa:
   1630					 ;enter	with al	= EEPROM address to read, dx = address of ID port.
   1631					 ;exit with ax = data, cx = 0.
   1632	    071C  53				 push	 bx
   1633	    071D  0C 80				 or	 al,READ_EEPROM
   1634	    071F  EE				 out	 dx,al
   1635					 ;wait 400 us here.
   1636	    0720  E8 000E			 call	 delay_27_5ms
   1637	    0723  B9 0010			 mov	 cx,16
   1638	    0726			 read_ee_isa_1:
   1639	    0726  EC				 in	 al,dx
   1640	    0727  D0 E8				 shr	 al,1			 ;put it into the carry.
   1641	    0729  D1 D3				 rcl	 bx,1			 ;shift	it into	bx.
   1642	    072B  E2 F9				 loop	 read_ee_isa_1
   1643	    072D  8B C3				 mov	 ax,bx
   1644	    072F  5B				 pop	 bx
   1645	    0730  C3				 ret
   1646
   1647
   1648	    0731			 delay_27_5ms:
   1649					 ;delay	one timeout period, which is 27.5 ms.
   1650	    0731  B8 0001			 mov	 ax,1
   1651	    0734			 delay:
   1652					 ;delay	AX timeout periods, each of which is 27.5 ms.
Turbo Assembler	 Version 4.1	    06/03/26 12:06:18	    Page 30
3c509.ASM



   1653	    0734  E8 F900			 call	 set_timeout
   1654	    0737			 delay_1:
   1655	    0737  E8 F91E			 call	 do_timeout
   1656	    073A  75 FB				 jnz	 delay_1
   1657	    073C  C3				 ret
   1658
   1659
   1660						 public	 print_parameters
   1661	    073D			 print_parameters:
   1662					 ;echo our command-line	parameters
   1663	    073D  BF 0000r			 mov	 di,offset int_no
   1664	    0740  BA 0488r			 mov	 dx,offset int_no_name
   1665	    0743  E8 0000e			 call	 print_number
   1666	    0746  BF 0004r			 mov	 di,offset io_addr
   1667	    0749  BA 049Ar			 mov	 dx,offset io_addr_name
   1668	    074C  E8 0000e			 call	 print_number
   1669	    074F  BA 04A4r			 mov	 dx,offset aui_xcvr_msg
   1670	    0752  80 3E	0516r 00		 cmp	 is_10base2,0		 ;coax?
   1671	    0757  74 03				 je	 print_parameters_1
   1672	    0759  BA 04BCr			 mov	 dx,offset bnc_xcvr_msg
   1673	    075C			 print_parameters_1:
   1674	    075C  80 3E	0517r 00		 cmp	 is_10baseT,0		 ;tp?
   1675	    0761  74 03				 je	 print_parameters_2
   1676	    0763  BA 04DEr			 mov	 dx,offset tp_xcvr_msg
   1677	    0766			 print_parameters_2:
   1678	    0766  B4 09				 mov	 ah,9
   1679	    0768  CD 21				 int	 21h
   1680	    076A  BF 0518r			 mov	 di,offset id_port
   1681	    076D  BA 0509r			 mov	 dx,offset id_port_name
   1682	    0770  E8 0000e			 call	 print_number
   1683	    0773  C3				 ret
   1684
   1685	    0774			 code	 ends
   1686
   1687						 end
Turbo Assembler	 Version 4.1	    06/03/26 12:06:18	    Page 31
Symbol Table




Symbol Name			  Type	 Value

??DATE				  Text	 "06/03/26"
??FILENAME			  Text	 "3c509	  "
??TIME				  Text	 "12:06:18"
??VERSION			  Number 040A
@CPU				  Text	 0101H
@CURSEG				  Text	 CODE
@FILENAME			  Text	 3C509
@WORDSIZE			  Text	 2
ACONFIG_IOBASE			  Number 001F
ACONFIG_XCVR			  Number C000
ACTIVATE_AND_SET_IO		  Number 00E0
ACTIVATE_VULCAN			  Number 00FF
ADDRESS_CONFIGURATION		  Word	 CODE:0512
ARCADDR_LEN			  Number 0001
AS_SEND_PKT			  Near	 CODE:007B
AUI_XCVR			  Number 4000
AUI_XCVR_MSG			  Byte	 CODE:04A4
BAD_ADDRESS			  Number 000E
BAD_COMMAND			  Number 000B
BAD_COMMAND_INTERCEPT		  Near	 CODE:0077
BAD_IOCB			  Number 0010
BAD_MODE			  Number 0008
BLUEBOOK			  Number 0001
BNC_XCVR			  Number C000
BNC_XCVR_MSG			  Byte	 CODE:04BC
BOARD_NUMBER			  Byte	 CODE:0520
CALLED_ETOPEN			  Number 0001
CALLME				  Number 0002
CANT_RESET			  Number 000F
CANT_SEND			  Number 000C
CANT_SET			  Number 000D
CANT_TERMINATE			  Number 0007
CHROUT				  Near	 CODE:---- Extern
CMDH_REQUESTINT			  Number 0060
CMDH_RXDISABLE			  Number 0018
CMDH_RXDISCARD			  Number 0040
CMDH_RXENABLE			  Number 0020
CMDH_STARTINTXCVR		  Number 0010
CMDH_STATSDISABLE		  Number 00B0
CMDH_STATSENABLE		  Number 00A8
CMDH_STOPINTXCVR		  Number 00B8
CMDH_TXDISABLE			  Number 0050
CMDH_TXENABLE			  Number 0048
CMD_ACKNOWLEDGE			  Number 6800
CMD_ARGMASK			  Number 07FF
CMD_CMDMASK			  Number F800
CMD_GLOBALRESET			  Number 0000
CMD_REQUESTINT			  Number 6000
CMD_RXDISABLE			  Number 1800
CMD_RXDISCARD			  Number 4000
CMD_RXENABLE			  Number 2000
CMD_RXRESET			  Number 2800
CMD_SELECTWINDOW		  Number 0800
CMD_SETINTMASK			  Number 7000
Turbo Assembler	 Version 4.1	    06/03/26 12:06:18	    Page 32
Symbol Table



CMD_SETRXEARLY			  Number 8800
CMD_SETRXFILTER			  Number 8000
CMD_SETRZMASK			  Number 7800
CMD_SETTXAVAILABLE		  Number 9000
CMD_SETTXSTART			  Number 9800
CMD_STARTINTXCVR		  Number 1000
CMD_STATSDISABLE		  Number B000
CMD_STATSENABLE			  Number A800
CMD_STOPINTXCVR			  Number B800
CMD_TXDISABLE			  Number 5000
CMD_TXENABLE			  Number 4800
CMD_TXRESET			  Number 5800
COPYRIGHT_MSG			  Byte	 CODE:0311
COUNT_IN_ERR			  Near	 CODE:---- Extern
COUNT_OUT_ERR			  Near	 CODE:---- Extern
CR				  Number 000D
CRLF				  Near	 CODE:---- Extern
DELAY				  Near	 CODE:0734
DELAY_1				  Near	 CODE:0737
DELAY_27_5MS			  Near	 CODE:0731
DONE				  Number 0001
DO_TIMEOUT			  Near	 CODE:0058
DO_TIMEOUT_1			  Near	 CODE:0074
DRIVER_CLASS			  Byte	 CODE:0008
DRIVER_FUNCTION			  Byte	 CODE:0012
DRIVER_NAME			  Byte	 CODE:000C
DRIVER_TYPE			  Byte	 CODE:000B
DROP_PKT			  Near	 CODE:007C
D_OPTION			  Number 0002
EADDR_LEN			  Number 0006
EARLY_BYTES			  Word	 CODE:0184
EE_ADDR_CONFIGURATION		  Number 0008
EE_BUSY				  Number 8000
EE_CWORD			  Number 000E
EE_MANUFACTURER_CODE		  Number 0007
EE_MANUFACTURING_DATA		  Number 0004
EE_OEM_NODE_ADDR_WORD0		  Number 000A
EE_OEM_NODE_ADDR_WORD1		  Number 000B
EE_OEM_NODE_ADDR_WORD2		  Number 000C
EE_RESOURCE_CONFIGURATION	  Number 0009
EE_SERIAL_NUMBER_WORD0		  Number 0005
EE_SERIAL_NUMBER_WORD1		  Number 0006
EE_SOFTWARE_CONFIG_INFO		  Number 000D
EE_TCOM_NODE_ADDR_WORD0		  Number 0000
EE_TCOM_NODE_ADDR_WORD1		  Number 0001
EE_TCOM_NODE_ADDR_WORD2		  Number 0002
EE_VULCAN_PROD_ID		  Number 0003
EISA_FOUND			  Near	 CODE:057D
EISA_IN_ISA_MSG			  Byte	 CODE:0464
EISA_MANUFACTURER_ID		  Number 6D50
EISA_SEARCH			  Near	 CODE:0549
EISA_SEARCH_1			  Near	 CODE:0578
ENABLE_ADAPTER			  Number 0001
END_FREE_MEM			  Byte	 CODE:02DE
END_RESIDENT			  Byte	 CODE:02DE
ERR_BAD_HANDLE			  Number 0001
ERR_BAD_TYPE			  Number 0005
Turbo Assembler	 Version 4.1	    06/03/26 12:06:18	    Page 33
Symbol Table



ETHER_BUFF			  Byte	 CODE:0170
ETHER_BUFF_LEN			  Number 0014
ETHER_TYPE			  Byte	 CODE:017C
ETOPEN				  Near	 CODE:0529
ETOPEN_2			  Near	 CODE:053C
ETOPEN_EISA			  Near	 CODE:0546
ETOPEN_ISA			  Near	 CODE:05AA
FIFOD_BISTRESULTS		  Number 00FF
FIFOD_RXOVERRUN			  Number 0800
FIFOD_RXRECEIVING		  Number 8000
FIFOD_RXSTATUSOVER		  Number 1000
FIFOD_RXUNDERRUN		  Number 2000
FIFOD_TXOVERRUN			  Number 0400
FILTER_BROADCAST		  Number 0004
FILTER_INDIVIDUAL		  Number 0001
FILTER_MULTICAST		  Number 0002
FILTER_PROMISCUOUS		  Number 0008
FOUND_ISA			  Near	 CODE:0623
GET_NUMBER			  Near	 CODE:---- Extern
GIANT				  Number 05EA
HAVE_CONFIGURATION		  Near	 CODE:064C
HT				  Number 0009
ID_GLOBAL_RESET			  Number 00C0
ID_PORT				  Word	 CODE:0518
ID_PORT_NAME			  Byte	 CODE:0509
IEEE8023			  Number 000B
INT_ADAPTERFAIL			  Number 0002
INT_ALLDISABLED			  Number 0000
INT_ALLENABLED			  Number 00FE
INT_LATCH			  Number 0001
INT_NO				  Byte	 CODE:0000
INT_NO_NAME			  Byte	 CODE:0488
INT_NUM				  Word	 CODE:001F
INT_REQUESTED			  Number 0040
INT_RXCOMPLETE			  Number 0010
INT_RXEARLY			  Number 0020
INT_TXAVAILABLE			  Number 0008
INT_TXCOMPLETE			  Number 0004
INT_UPDATESTATS			  Number 0080
IOBASE_EISA			  Number 001F
IO_ADDR				  Word	 CODE:0004
IO_ADDR_NAME			  Byte	 CODE:049A
IO_INPUT_1			  Near	 CODE:0276
IO_INPUT_2			  Near	 CODE:027F
IO_INPUT_386			  Near	 CODE:0288
IO_INPUT_386_ONE_BYTE		  Near	 CODE:02B2
IO_INPUT_386_ONE_WORD		  Near	 CODE:02A9
IO_INPUT_DONE			  Near	 CODE:02B4
ISA_PRODUCT_ID			  Number 9050
IS_10BASE2			  Byte	 CODE:0516
IS_10BASET			  Byte	 CODE:0517
IS_186				  Byte	 CODE:---- Extern
IS_386				  Byte	 CODE:---- Extern
IS_EISA				  Byte	 CODE:---- Extern
LATCH_TIMER			  Near	 CODE:004B
LF				  Number 000A
L_INPUT				  Near	 CODE:0272
Turbo Assembler	 Version 4.1	    06/03/26 12:06:18	    Page 34
Symbol Table



L_REP				  Near	 CODE:0199
MAJVER				  Number 000B
MAX_ADDR_LEN			  Number 0010
MAX_HANDLE			  Number 000A
MAX_IO_BASE_ADDR		  Number 03F0
MAX_MULTICAST			  Number 0008
MAX_P_LEN			  Number 0008
MCA_USAGE_MSG			  Byte	 CODE:02DE
MEDIA_BNC			  Number 4000
MEDIA_COLLISION			  Number 0010
MEDIA_CRS			  Number 0020
MEDIA_INTENDEC			  Number 2000
MEDIA_JABBER			  Number 0200
MEDIA_JABBERENABLE		  Number 0040
MEDIA_LBEAT			  Number 0800
MEDIA_LBEATENABLE		  Number 0080
MEDIA_POLARITY			  Number 0400
MEDIA_SQE			  Number 1000
MEDIA_SQEENABLE			  Number 0008
MEDIA_TP			  Number 8000
MEDIA_UNSQUELCH			  Number 0100
MIN_IO_BASE_ADDR		  Number 0200
MULTIPLE_MSG			  Byte	 CODE:040D
MY_ADDRESS			  Byte	 CODE:---- Extern
M_OPTION			  Number 0020
NETD_CORELOOPBACK		  Number 2000
NETD_ENDECLOOPBACK		  Number 4000
NETD_EXTLOOPBACK		  Number 8000
NETD_FIFOLOOPBACK		  Number 1000
NETD_RXENABLED			  Number 0400
NETD_TXENABLED			  Number 0800
NETD_TXRESETREQD		  Number 0100
NETD_TXTRANSMITTING		  Number 0200
NOT_10BASE2			  Near	 CODE:065B
NOT_10BASE2_1			  Near	 CODE:06B0
NOT_10BASET			  Near	 CODE:0664
NOT_FOUND_ISA			  Near	 CODE:061E
NO_CLASS			  Number 0002
NO_ERROR			  Number 0000
NO_ISA_MSG			  Byte	 CODE:03B6
NO_MULTICAST			  Number 0006
NO_NUMBER			  Number 0004
NO_SPACE			  Number 0009
NO_TYPE				  Number 0003
N_OPTION			  Number 0004
OPTIMIZE_DOS_CLIENT		  Number 0010
OPTIMIZE_SERVER			  Number 0030
OPTIMIZE_WINDOWS_CLIENT		  Number 0020
PARAMETER_LIST			  Byte	 CODE:0013
PARSE_ARGS			  Near	 CODE:0521
PORT_ALT_TXFREE			  Number 000C
PORT_CFGADDRESS			  Number 0006
PORT_CFGCONTROL			  Number 0004
PORT_CFGRESOURCE		  Number 0008
PORT_CMDSTATUS			  Number 000E
PORT_EECMD			  Number 000A
PORT_EEDATA			  Number 000C
Turbo Assembler	 Version 4.1	    06/03/26 12:06:18	    Page 35
Symbol Table



PORT_FIFODIAGNOSTIC		  Number 0004
PORT_HOSTDIAGNOSTIC		  Number 0002
PORT_INTMASK			  Number 000A
PORT_MANUFACTURER		  Number 0000
PORT_MEDIASTATUS		  Number 000A
PORT_NETDIAGNOSTIC		  Number 0006
PORT_NO				  Number 0004
PORT_PRODUCTID			  Number 0002
PORT_RXBYTES			  Number 000A
PORT_RXDISCARDED		  Number 0005
PORT_RXEARLY			  Number 0006
PORT_RXFIFO			  Number 0000
PORT_RXFILTER			  Number 0008
PORT_RXFRAMES			  Number 0007
PORT_RXFREE			  Number 000A
PORT_RXSTATUS			  Number 0008
PORT_RZMASK			  Number 000C
PORT_SA0_1			  Number 0000
PORT_SA2_3			  Number 0002
PORT_SA4_5			  Number 0004
PORT_SLINGSHOTSTATUS		  Number 0008
PORT_TIMER			  Number 000A
PORT_TXAVAILABLE		  Number 0002
PORT_TXBYTES			  Number 000C
PORT_TXCARRIERLOST		  Number 0000
PORT_TXDEFER			  Number 0008
PORT_TXDIAGNOSTIC		  Number 0000
PORT_TXFIFO			  Number 0000
PORT_TXFRAMES			  Number 0006
PORT_TXFREE			  Number 000C
PORT_TXLATE			  Number 0004
PORT_TXMULTIPLE			  Number 0002
PORT_TXNOCD			  Number 0001
PORT_TXSINGLE			  Number 0003
PORT_TXSTART			  Number 0000
PORT_TXSTATUS			  Number 000B
PREAMBLESIZE			  Number 0004
PRINT_NUMBER			  Near	 CODE:---- Extern
PRINT_PARAMETERS		  Near	 CODE:073D
PRINT_PARAMETERS_1		  Near	 CODE:075C
PRINT_PARAMETERS_2		  Near	 CODE:0766
PRODUCT_ID_MASK			  Number F0FF
RCONFIG_IRQ			  Number F000
RCV_MODES			  Word	 CODE:0021
RCV_MODE_1			  Near	 CODE:0146
RCV_MODE_2			  Near	 CODE:0149
RCV_MODE_3			  Near	 CODE:014C
RCV_MODE_5			  Near	 CODE:014F
RCV_MODE_6			  Near	 CODE:0152
READING_MSG			  Byte	 CODE:03FD
READ_EADDR			  Near	 CODE:06F0
READ_EEPROM			  Number 0080
READ_EE_EISA			  Near	 CODE:070B
READ_EE_EISA_1			  Near	 CODE:070E
READ_EE_ISA			  Near	 CODE:071C
READ_EE_ISA_1			  Near	 CODE:0726
READ_HEADER			  Near	 CODE:0186
Turbo Assembler	 Version 4.1	    06/03/26 12:06:18	    Page 36
Symbol Table



READ_HEADER_1			  Near	 CODE:01B6
READ_ISA_CHECKSUM		  Near	 CODE:05CF
READ_ISA_CHECKSUM_1		  Near	 CODE:060D
READ_ISA_CHECKSUM_2		  Near	 CODE:0611
READ_ISA_CHECKSUM_NOT_3		  Near	 CODE:05ED
READ_ISA_CHECKSUM_NOT_7		  Near	 CODE:05F7
RECV				  Near	 CODE:01B7
RECV_ANOTHER			  Near	 CODE:01B7
RECV_COMPLETE			  Near	 CODE:01F3
RECV_COMPLETE_1			  Near	 CODE:0207
RECV_COMPLETE_2			  Near	 CODE:0208
RECV_COMPLETE_3			  Near	 CODE:022E
RECV_COMPLETE_4			  Near	 CODE:0242
RECV_COPY			  Near	 CODE:---- Extern
RECV_DISCARD			  Near	 CODE:02BF
RECV_DISCARD_1			  Near	 CODE:02CC
RECV_EARLY			  Near	 CODE:01D1
RECV_EARLY_1			  Near	 CODE:01EE
RECV_ERR			  Near	 CODE:0201
RECV_EXIT			  Near	 CODE:02DC
RECV_EXITING_EXIT		  Near	 CODE:---- Extern
RECV_FIND			  Near	 CODE:---- Extern
RECV_FOUND			  Near	 CODE:---- Extern
RECV_LOCATE			  Near	 CODE:---- Extern
REGISTER_SET_SIZE		  Number 0010
REPINSD				  Near	 CODE:019F
RESET_INTERFACE			  Near	 CODE:016F
RESOURCE_CONFIGURATION		  Word	 CODE:0514
ROM_ADDRESS			  Byte	 CODE:---- Extern
RUNT				  Number 003C
RXEARLY_DISABLED		  Number 07F0
RXLENGTH_MAX			  Number 0700
RXSH_CRC			  Number 0028
RXSH_DRIBBLE			  Number 0010
RXSH_ERROR			  Number 0040
RXSH_ERRTYPE			  Number 0038
RXSH_FRAMING			  Number 0020
RXSH_INCOMPLETE			  Number 0080
RXSH_OVERRUN			  Number 0000
RXSH_OVERSIZE			  Number 0008
RXSH_RUNT			  Number 0018
RXS_CRC				  Number 2800
RXS_DRIBBLE			  Number 1000
RXS_ERROR			  Number 4000
RXS_ERRTYPE			  Number 3800
RXS_FRAMING			  Number 2000
RXS_INCOMPLETE			  Number 8000
RXS_LENGTH			  Number 07FF
RXS_OVERRUN			  Number 0000
RXS_OVERSIZE			  Number 0800
RXS_RUNT			  Number 1800
SCHEDULE_EXITING		  Near	 CODE:---- Extern
SCRATCH				  Word	 CODE:051C
SEND_8086			  Near	 CODE:0108
SEND_PKT			  Near	 CODE:009C
SEND_PKT_0			  Near	 CODE:00B5
SEND_PKT_1			  Near	 CODE:00D1
Turbo Assembler	 Version 4.1	    06/03/26 12:06:18	    Page 37
Symbol Table



SEND_PKT_2			  Near	 CODE:00E6
SEND_PKT_3			  Near	 CODE:00C0
SEND_PKT_6			  Near	 CODE:0114
SEND_PKT_7			  Near	 CODE:010E
SEND_PKT_TOOBIG			  Near	 CODE:00E2
SET_ADDRESS			  Near	 CODE:0116
SET_ADDRESS_1			  Near	 CODE:012F
SET_ADDRESS_4			  Near	 CODE:0120
SET_ADDRESS_DONE		  Near	 CODE:0138
SET_ADDRESS_OKAY		  Near	 CODE:0134
SET_INT_NUM			  Near	 CODE:06D0
SET_MULTICAST_LIST		  Near	 CODE:015F
SET_RECV_ISR			  Near	 CODE:---- Extern
SET_TAG_REGISTER		  Number 00D0
SET_TIMEOUT			  Near	 CODE:0037
SET_TYPE			  Near	 CODE:01A3
SLING_TXUNDERRUN		  Number 2000
STH_BUSY			  Number 0010
STH_FAILED			  Number 0008
STH_WINDOW			  Number 00E0
ST_BUSY				  Number 1000
ST_FAILED			  Number 0800
ST_WINDOW			  Number E000
SW_LINKBEAT			  Number 4000
SW_MAXCLI			  Number 3F00
SW_OPTIMIZE			  Number 0030
SYS_MCA				  Number 0002
TERMINATE			  Near	 CODE:0163
TEST_TAG_REGISTER		  Number 00D8
TIMEOUT				  Word	 CODE:0031
TIMEOUT_COUNTER			  Word	 CODE:0033
TIMEOUT_VALUE			  Word	 CODE:0035
TIMER_ISR			  Near	 CODE:02DD
TP_XCVR				  Number 0000
TP_XCVR_MSG			  Byte	 CODE:04DE
TWO_8259			  Number 0040
TXAVAIL_DISABLED		  Number 07F8
TXAVAIL_MIN			  Number 0004
TXP_INTONSUCCESS		  Number 8000
TXSTART_DISABLED		  Number 07F8
TXSTART_MAX			  Alias	 TXSTART_DISABLED
TXSTART_MIN			  Number 0000
TXS_COMPLETE			  Number 0080
TXS_ERRTYPE			  Number 0038
TXS_INTREQUESTED		  Number 0040
TXS_JABBERERROR			  Number 0020
TXS_MAXCOLLISIONS		  Number 0008
TXS_STATUSOVERFLOW		  Number 0004
TXS_UNDERRUN			  Number 0010
TX_RESET			  Near	 CODE:007E
TX_RESET_1			  Near	 CODE:008E
TYPE_INUSE			  Number 000A
USAGE_MSG			  Byte	 CODE:02DE
U_OPTION			  Number 0010
VERSION				  Number 0007
WNO_DIAGNOSTICS			  Number 0004
WNO_FIFO			  Number 0003
Turbo Assembler	 Version 4.1	    06/03/26 12:06:18	    Page 38
Symbol Table



WNO_OPERATING			  Number 0001
WNO_READABLE			  Number 0005
WNO_SETUP			  Number 0000
WNO_STATIONADDRESS		  Number 0002
WNO_STATISTICS			  Number 0006
WRITE_ID_PAT			  Near	 CODE:06D9
WRITE_ID_PAT_1			  Near	 CODE:06E6
WRITE_ID_PAT_2			  Near	 CODE:06ED
WRONG_PORT_MSG			  Byte	 CODE:0437
W_OPTION			  Number 0008
XMIT				  Near	 CODE:007D

Macro Name

ADD2
LOADPORT
MOVSEG
PRINT
PRINT_IT
REPMOV
SEND_PEEKQUEUE
SEND_QUEUEEMPTY
SETPORT
SETWIN
SKIP2
TO_SCRN

Structure Name			  Type	Offset

IOCB
 BUFFER				  Dword	 0000
 LEN				  Word	 0004
 FLAGS				  Byte	 0006
 RET_CODE			  Byte	 0007
 UPCALL				  Dword	 0008
 NEXT				  Dword	 000C
 RESV				  Byte	 0010
SEGMOFFS
 OFFS				  Word	 0000
 SEGM				  Word	 0002

Groups & Segments		  Bit Size Align  Combine Class

CODE				  16  0774 Word	  Public
Turbo Assembler	 Version 4.1	    06/03/26 12:06:18	    Page 39
Error Summary



*Warning* 3c509.ASM(1) Reserved	word used as symbol: VERSION
