
 Start  Stop   Length Name               Class

 00000H 02168H 02169H CODE               

  Address         Publics by Name

 0000:0382       ADDRESS_LEN
 0000:0B89       AS_SEND_PKT
 0000:0B85       BAD_COMMAND_INTERCEPT
 0000:2168       BRANDING_MSG
 0000:1306       BYTEOUT
 0000:1338       CHROUT
 0000:0E1F       COPYRIGHT_MSG
 0000:0895       COUNT_IN_ERR
 0000:08A2       COUNT_OUT_ERR
 0000:1327       CRLF
 0000:12B5       DECOUT
 0000:1315       DIGOUT
 0000:0B66       DO_TIMEOUT
 0000:0B16       DRIVER_CLASS
 0000:0B20       DRIVER_FUNCTION
 0000:0B1A       DRIVER_NAME
 0000:0B19       DRIVER_TYPE
 0000:0B8A       DROP_PKT
 0000:12F8       DWORDOUT
 0000:0DEC       END_FREE_MEM
 0000:0DEC       END_RESIDENT
 0000:0208       ENTRY_POINT
 0000:18BD       ERROR
 0000:1037       ETOPEN
 0000:188D       ETOPEN_DIAGN
 0000:0210       FLAGBYTE
 0000:1DCB       GET_DIGIT
 0000:1D5A       GET_HEX
 0000:1D63       GET_NUMBER
 0000:0B0E       INT_NO
 0000:0B12       IO_ADDR
 0000:020D       IS_186
 0000:020E       IS_286
 0000:020F       IS_386
 0000:1282       IS_EISA
 0000:1283       IS_PCI
 0000:1345       MALLOC
 0000:0959       MASKINT
 0000:0DEC       MCA_USAGE_MSG
 0000:0352       MULTICAST_ADDRS
 0000:034C       MULTICAST_BROAD
 0000:034A       MULTICAST_COUNT
 0000:0394       MY_ADDRESS
 0000:03E0       OUR_ISR
 0000:0B21       PARAMETER_LIST
 0000:102F       PARSE_ARGS
 0000:0080       PHD_DIOA
 0000:002C       PHD_ENVIRON
 0000:1DFC       PRINT_ETHER_ADDR
 0000:1284       PRINT_NUMBER
 0000:124B       PRINT_PARAMETERS
 0000:0B2F       RCV_MODES
 0000:0CC5       RECV
 0000:0A7F       RECV_COPY
 0000:0947       RECV_EXITING_EXIT
 0000:0A28       RECV_FIND
 0000:0A2F       RECV_FOUND
 0000:09B7       RECV_LOCATE
 0000:0C7D       RESET_INTERFACE
 0000:0479       RE_ENABLE_INTERRUPTS
 0000:0384       ROM_ADDRESS
 0000:0922       SCHEDULE_EXITING
 0000:0AD3       SEND_DEQUEUE
 0000:03AC       SEND_HEAD
 0000:0BAA       SEND_PKT
 0000:0A99       SEND_QUEUE
 0000:03B0       SEND_TAIL
 0000:0C24       SET_ADDRESS
 0000:0C6D       SET_MULTICAST_LIST
 0000:084E       SET_RECV_ISR
 0000:0B45       SET_TIMEOUT
 0000:1DF1       SKIP_BLANKS
 0000:18C6       START_1
 0000:020C       SYS_FEATURES
 0000:0C71       TERMINATE
 0000:03DC       THEIR_ISR
 0000:03D4       THEIR_TIMER
 0000:0DEB       TIMER_ISR
 0000:097C       UNMASKINT
 0000:0DEC       USAGE_MSG
 0000:12FF       WORDOUT
 0000:0B8B       XMIT

  Address         Publics by Value

 0000:002C       PHD_ENVIRON
 0000:0080       PHD_DIOA
 0000:0208       ENTRY_POINT
 0000:020C       SYS_FEATURES
 0000:020D       IS_186
 0000:020E       IS_286
 0000:020F       IS_386
 0000:0210       FLAGBYTE
 0000:034A       MULTICAST_COUNT
 0000:034C       MULTICAST_BROAD
 0000:0352       MULTICAST_ADDRS
 0000:0382       ADDRESS_LEN
 0000:0384       ROM_ADDRESS
 0000:0394       MY_ADDRESS
 0000:03AC       SEND_HEAD
 0000:03B0       SEND_TAIL
 0000:03D4       THEIR_TIMER
 0000:03DC       THEIR_ISR
 0000:03E0       OUR_ISR
 0000:0479       RE_ENABLE_INTERRUPTS
 0000:084E       SET_RECV_ISR
 0000:0895       COUNT_IN_ERR
 0000:08A2       COUNT_OUT_ERR
 0000:0922       SCHEDULE_EXITING
 0000:0947       RECV_EXITING_EXIT
 0000:0959       MASKINT
 0000:097C       UNMASKINT
 0000:09B7       RECV_LOCATE
 0000:0A28       RECV_FIND
 0000:0A2F       RECV_FOUND
 0000:0A7F       RECV_COPY
 0000:0A99       SEND_QUEUE
 0000:0AD3       SEND_DEQUEUE
 0000:0B0E       INT_NO
 0000:0B12       IO_ADDR
 0000:0B16       DRIVER_CLASS
 0000:0B19       DRIVER_TYPE
 0000:0B1A       DRIVER_NAME
 0000:0B20       DRIVER_FUNCTION
 0000:0B21       PARAMETER_LIST
 0000:0B2F       RCV_MODES
 0000:0B45       SET_TIMEOUT
 0000:0B66       DO_TIMEOUT
 0000:0B85       BAD_COMMAND_INTERCEPT
 0000:0B89       AS_SEND_PKT
 0000:0B8A       DROP_PKT
 0000:0B8B       XMIT
 0000:0BAA       SEND_PKT
 0000:0C24       SET_ADDRESS
 0000:0C6D       SET_MULTICAST_LIST
 0000:0C71       TERMINATE
 0000:0C7D       RESET_INTERFACE
 0000:0CC5       RECV
 0000:0DEB       TIMER_ISR
 0000:0DEC       END_RESIDENT
 0000:0DEC       USAGE_MSG
 0000:0DEC       END_FREE_MEM
 0000:0DEC       MCA_USAGE_MSG
 0000:0E1F       COPYRIGHT_MSG
 0000:102F       PARSE_ARGS
 0000:1037       ETOPEN
 0000:124B       PRINT_PARAMETERS
 0000:1282       IS_EISA
 0000:1283       IS_PCI
 0000:1284       PRINT_NUMBER
 0000:12B5       DECOUT
 0000:12F8       DWORDOUT
 0000:12FF       WORDOUT
 0000:1306       BYTEOUT
 0000:1315       DIGOUT
 0000:1327       CRLF
 0000:1338       CHROUT
 0000:1345       MALLOC
 0000:188D       ETOPEN_DIAGN
 0000:18BD       ERROR
 0000:18C6       START_1
 0000:1D5A       GET_HEX
 0000:1D63       GET_NUMBER
 0000:1DCB       GET_DIGIT
 0000:1DF1       SKIP_BLANKS
 0000:1DFC       PRINT_ETHER_ADDR
 0000:2168       BRANDING_MSG


