
 Start  Stop   Length Name               Class

 00000H 020D0H 020D1H CODE               

  Address         Publics by Name

 0000:0382       ADDRESS_LEN
 0000:0B89       AS_SEND_PKT
 0000:0B85       BAD_COMMAND_INTERCEPT
 0000:20D0       BRANDING_MSG
 0000:1270       BYTEOUT
 0000:12A2       CHROUT
 0000:0DC0       COPYRIGHT_MSG
 0000:0895       COUNT_IN_ERR
 0000:08A2       COUNT_OUT_ERR
 0000:1291       CRLF
 0000:121F       DECOUT
 0000:127F       DIGOUT
 0000:0B66       DO_TIMEOUT
 0000:0B16       DRIVER_CLASS
 0000:0B20       DRIVER_FUNCTION
 0000:0B1A       DRIVER_NAME
 0000:0B19       DRIVER_TYPE
 0000:0B8A       DROP_PKT
 0000:1262       DWORDOUT
 0000:0D8D       END_FREE_MEM
 0000:0D8D       END_RESIDENT
 0000:0208       ENTRY_POINT
 0000:1827       ERROR
 0000:0FB4       ETOPEN
 0000:17F7       ETOPEN_DIAGN
 0000:0210       FLAGBYTE
 0000:1D33       GET_DIGIT
 0000:1CC2       GET_HEX
 0000:1CCB       GET_NUMBER
 0000:0B0E       INT_NO
 0000:0B12       IO_ADDR
 0000:020D       IS_186
 0000:020E       IS_286
 0000:020F       IS_386
 0000:11EC       IS_EISA
 0000:11ED       IS_PCI
 0000:12AF       MALLOC
 0000:0959       MASKINT
 0000:0D8D       MCA_USAGE_MSG
 0000:0352       MULTICAST_ADDRS
 0000:034C       MULTICAST_BROAD
 0000:034A       MULTICAST_COUNT
 0000:0394       MY_ADDRESS
 0000:03E0       OUR_ISR
 0000:0B21       PARAMETER_LIST
 0000:0FAC       PARSE_ARGS
 0000:0080       PHD_DIOA
 0000:002C       PHD_ENVIRON
 0000:1D64       PRINT_ETHER_ADDR
 0000:11EE       PRINT_NUMBER
 0000:11B5       PRINT_PARAMETERS
 0000:0B2F       RCV_MODES
 0000:0C9E       RECV
 0000:0A7F       RECV_COPY
 0000:0947       RECV_EXITING_EXIT
 0000:0A28       RECV_FIND
 0000:0A2F       RECV_FOUND
 0000:09B7       RECV_LOCATE
 0000:0C63       RESET_INTERFACE
 0000:0479       RE_ENABLE_INTERRUPTS
 0000:0384       ROM_ADDRESS
 0000:0922       SCHEDULE_EXITING
 0000:0AD3       SEND_DEQUEUE
 0000:03AC       SEND_HEAD
 0000:0BAA       SEND_PKT
 0000:0A99       SEND_QUEUE
 0000:03B0       SEND_TAIL
 0000:0C0A       SET_ADDRESS
 0000:0C53       SET_MULTICAST_LIST
 0000:084E       SET_RECV_ISR
 0000:0B45       SET_TIMEOUT
 0000:1D59       SKIP_BLANKS
 0000:1830       START_1
 0000:020C       SYS_FEATURES
 0000:0C57       TERMINATE
 0000:03DC       THEIR_ISR
 0000:03D4       THEIR_TIMER
 0000:0D8C       TIMER_ISR
 0000:097C       UNMASKINT
 0000:0D8D       USAGE_MSG
 0000:1269       WORDOUT
 0000:0B8B       XMIT

  Address         Publics by Value

 0000:002C       PHD_ENVIRON
 0000:0080       PHD_DIOA
 0000:0208       ENTRY_POINT
 0000:020C       SYS_FEATURES
 0000:020D       IS_186
 0000:020E       IS_286
 0000:020F       IS_386
 0000:0210       FLAGBYTE
 0000:034A       MULTICAST_COUNT
 0000:034C       MULTICAST_BROAD
 0000:0352       MULTICAST_ADDRS
 0000:0382       ADDRESS_LEN
 0000:0384       ROM_ADDRESS
 0000:0394       MY_ADDRESS
 0000:03AC       SEND_HEAD
 0000:03B0       SEND_TAIL
 0000:03D4       THEIR_TIMER
 0000:03DC       THEIR_ISR
 0000:03E0       OUR_ISR
 0000:0479       RE_ENABLE_INTERRUPTS
 0000:084E       SET_RECV_ISR
 0000:0895       COUNT_IN_ERR
 0000:08A2       COUNT_OUT_ERR
 0000:0922       SCHEDULE_EXITING
 0000:0947       RECV_EXITING_EXIT
 0000:0959       MASKINT
 0000:097C       UNMASKINT
 0000:09B7       RECV_LOCATE
 0000:0A28       RECV_FIND
 0000:0A2F       RECV_FOUND
 0000:0A7F       RECV_COPY
 0000:0A99       SEND_QUEUE
 0000:0AD3       SEND_DEQUEUE
 0000:0B0E       INT_NO
 0000:0B12       IO_ADDR
 0000:0B16       DRIVER_CLASS
 0000:0B19       DRIVER_TYPE
 0000:0B1A       DRIVER_NAME
 0000:0B20       DRIVER_FUNCTION
 0000:0B21       PARAMETER_LIST
 0000:0B2F       RCV_MODES
 0000:0B45       SET_TIMEOUT
 0000:0B66       DO_TIMEOUT
 0000:0B85       BAD_COMMAND_INTERCEPT
 0000:0B89       AS_SEND_PKT
 0000:0B8A       DROP_PKT
 0000:0B8B       XMIT
 0000:0BAA       SEND_PKT
 0000:0C0A       SET_ADDRESS
 0000:0C53       SET_MULTICAST_LIST
 0000:0C57       TERMINATE
 0000:0C63       RESET_INTERFACE
 0000:0C9E       RECV
 0000:0D8C       TIMER_ISR
 0000:0D8D       END_RESIDENT
 0000:0D8D       USAGE_MSG
 0000:0D8D       END_FREE_MEM
 0000:0D8D       MCA_USAGE_MSG
 0000:0DC0       COPYRIGHT_MSG
 0000:0FAC       PARSE_ARGS
 0000:0FB4       ETOPEN
 0000:11B5       PRINT_PARAMETERS
 0000:11EC       IS_EISA
 0000:11ED       IS_PCI
 0000:11EE       PRINT_NUMBER
 0000:121F       DECOUT
 0000:1262       DWORDOUT
 0000:1269       WORDOUT
 0000:1270       BYTEOUT
 0000:127F       DIGOUT
 0000:1291       CRLF
 0000:12A2       CHROUT
 0000:12AF       MALLOC
 0000:17F7       ETOPEN_DIAGN
 0000:1827       ERROR
 0000:1830       START_1
 0000:1CC2       GET_HEX
 0000:1CCB       GET_NUMBER
 0000:1D33       GET_DIGIT
 0000:1D59       SKIP_BLANKS
 0000:1D64       PRINT_ETHER_ADDR
 0000:20D0       BRANDING_MSG


